15:30:16 **** Build of project peri_test_2_bsp ****
make -k all 
"Running Make include in microblaze_0/libsrc/bram_v4_1/src"
make -C microblaze_0/libsrc/bram_v4_1/src -s include  "SHELL=CMD" "COMPILER=mb-gcc" "ARCHIVER=mb-ar" "COMPILER_FLAGS= -O2 -c -mcpu=v9.6 -mlittle-endian -mxl-soft-mul" "EXTRA_COMPILER_FLAGS=-g"
"Running Make include in microblaze_0/libsrc/cpu_v2_4/src"
make -C microblaze_0/libsrc/cpu_v2_4/src -s include  "SHELL=CMD" "COMPILER=mb-gcc" "ARCHIVER=mb-ar" "COMPILER_FLAGS= -O2 -c -mcpu=v9.6 -mlittle-endian -mxl-soft-mul" "EXTRA_COMPILER_FLAGS=-g"
"Running Make include in microblaze_0/libsrc/gpio_v4_1/src"
make -C microblaze_0/libsrc/gpio_v4_1/src -s include  "SHELL=CMD" "COMPILER=mb-gcc" "ARCHIVER=mb-ar" "COMPILER_FLAGS= -O2 -c -mcpu=v9.6 -mlittle-endian -mxl-soft-mul" "EXTRA_COMPILER_FLAGS=-g"
"Running Make include in microblaze_0/libsrc/standalone_v5_4/src"
make -C microblaze_0/libsrc/standalone_v5_4/src -s include  "SHELL=CMD" "COMPILER=mb-gcc" "ARCHIVER=mb-ar" "COMPILER_FLAGS= -O2 -c -mcpu=v9.6 -mlittle-endian -mxl-soft-mul" "EXTRA_COMPILER_FLAGS=-g"
"Running Make include in microblaze_0/libsrc/tmrctr_v4_1/src"
make -C microblaze_0/libsrc/tmrctr_v4_1/src -s include  "SHELL=CMD" "COMPILER=mb-gcc" "ARCHIVER=mb-ar" "COMPILER_FLAGS= -O2 -c -mcpu=v9.6 -mlittle-endian -mxl-soft-mul" "EXTRA_COMPILER_FLAGS=-g"
"Running Make include in microblaze_0/libsrc/uartlite_v3_2/src"
make -C microblaze_0/libsrc/uartlite_v3_2/src -s include  "SHELL=CMD" "COMPILER=mb-gcc" "ARCHIVER=mb-ar" "COMPILER_FLAGS= -O2 -c -mcpu=v9.6 -mlittle-endian -mxl-soft-mul" "EXTRA_COMPILER_FLAGS=-g"
"Running Make libs in microblaze_0/libsrc/bram_v4_1/src"
make -C microblaze_0/libsrc/bram_v4_1/src -s libs  "SHELL=CMD" "COMPILER=mb-gcc" "ARCHIVER=mb-ar" "COMPILER_FLAGS= -O2 -c -mcpu=v9.6 -mlittle-endian -mxl-soft-mul" "EXTRA_COMPILER_FLAGS=-g"
"Compiling bram"
mb-ar: creating ../../../lib/libxil.a
"Running Make libs in microblaze_0/libsrc/cpu_v2_4/src"
make -C microblaze_0/libsrc/cpu_v2_4/src -s libs  "SHELL=CMD" "COMPILER=mb-gcc" "ARCHIVER=mb-ar" "COMPILER_FLAGS= -O2 -c -mcpu=v9.6 -mlittle-endian -mxl-soft-mul" "EXTRA_COMPILER_FLAGS=-g"
"Compiling cpu"
"Running Make libs in microblaze_0/libsrc/gpio_v4_1/src"
make -C microblaze_0/libsrc/gpio_v4_1/src -s libs  "SHELL=CMD" "COMPILER=mb-gcc" "ARCHIVER=mb-ar" "COMPILER_FLAGS= -O2 -c -mcpu=v9.6 -mlittle-endian -mxl-soft-mul" "EXTRA_COMPILER_FLAGS=-g"
"Compiling gpio"
"Running Make libs in microblaze_0/libsrc/standalone_v5_4/src"
make -C microblaze_0/libsrc/standalone_v5_4/src -s libs  "SHELL=CMD" "COMPILER=mb-gcc" "ARCHIVER=mb-ar" "COMPILER_FLAGS= -O2 -c -mcpu=v9.6 -mlittle-endian -mxl-soft-mul" "EXTRA_COMPILER_FLAGS=-g"
"Compiling standalone";
"Running Make libs in microblaze_0/libsrc/tmrctr_v4_1/src"
make -C microblaze_0/libsrc/tmrctr_v4_1/src -s libs  "SHELL=CMD" "COMPILER=mb-gcc" "ARCHIVER=mb-ar" "COMPILER_FLAGS= -O2 -c -mcpu=v9.6 -mlittle-endian -mxl-soft-mul" "EXTRA_COMPILER_FLAGS=-g"
"Compiling tmrctr"
"Running Make libs in microblaze_0/libsrc/uartlite_v3_2/src"
make -C microblaze_0/libsrc/uartlite_v3_2/src -s libs  "SHELL=CMD" "COMPILER=mb-gcc" "ARCHIVER=mb-ar" "COMPILER_FLAGS= -O2 -c -mcpu=v9.6 -mlittle-endian -mxl-soft-mul" "EXTRA_COMPILER_FLAGS=-g"
"Compiling uartlite"
'Finished building libraries'
15:30:35 **** Build of configuration Debug for project peri_test_2 ****
make all 
'Building file: ../src/testperiph.c'
'Invoking: MicroBlaze gcc compiler'
mb-gcc -Wall -O0 -g3 -c -fmessage-length=0 -MT"src/testperiph.o" -I../../peri_test_2_bsp/microblaze_0/include -mlittle-endian -mcpu=v9.6 -mxl-soft-mul -Wl,--no-relax -MMD -MP -MF"src/testperiph.d" -MT"src/testperiph.o" -o "src/testperiph.o" "../src/testperiph.c"
'Finished building: ../src/testperiph.c'
' '
'Building file: ../src/xgpio_tapp_example.c'
'Invoking: MicroBlaze gcc compiler'
mb-gcc -Wall -O0 -g3 -c -fmessage-length=0 -MT"src/xgpio_tapp_example.o" -I../../peri_test_2_bsp/microblaze_0/include -mlittle-endian -mcpu=v9.6 -mxl-soft-mul -Wl,--no-relax -MMD -MP -MF"src/xgpio_tapp_example.d" -MT"src/xgpio_tapp_example.o" -o "src/xgpio_tapp_example.o" "../src/xgpio_tapp_example.c"
'Finished building: ../src/xgpio_tapp_example.c'
' '
'Building file: ../src/xtmrctr_selftest_example.c'
'Invoking: MicroBlaze gcc compiler'
mb-gcc -Wall -O0 -g3 -c -fmessage-length=0 -MT"src/xtmrctr_selftest_example.o" -I../../peri_test_2_bsp/microblaze_0/include -mlittle-endian -mcpu=v9.6 -mxl-soft-mul -Wl,--no-relax -MMD -MP -MF"src/xtmrctr_selftest_example.d" -MT"src/xtmrctr_selftest_example.o" -o "src/xtmrctr_selftest_example.o" "../src/xtmrctr_selftest_example.c"
'Finished building: ../src/xtmrctr_selftest_example.c'
' '
'Building target: peri_test_2.elf'
'Invoking: MicroBlaze gcc linker'
mb-gcc -Wl,-T -Wl,../src/lscript.ld -L../../peri_test_2_bsp/microblaze_0/lib -mlittle-endian -mcpu=v9.6 -mxl-soft-mul -Wl,--no-relax -o "peri_test_2.elf"  ./src/testperiph.o ./src/xgpio_tapp_example.o ./src/xtmrctr_selftest_example.o   -Wl,--start-group,-lxil,-lgcc,-lc,--end-group
'Finished building target: peri_test_2.elf'
' '
'Invoking: MicroBlaze Print Size'
mb-size peri_test_2.elf  |tee "peri_test_2.elf.size"
   text	   data	    bss	    dec	    hex	filename
   8828	    320	   3196	  12344	   3038	peri_test_2.elf
'Finished building: peri_test_2.elf.size'
' '
15:30:41 **** Auto Build of configuration Debug for project peri_test_2 ****
make all 
'Building file: ../src/testperiph.c'
'Invoking: MicroBlaze gcc compiler'
mb-gcc -Wall -O0 -g3 -c -fmessage-length=0 -MT"src/testperiph.o" -I../../peri_test_2_bsp/microblaze_0/include -mlittle-endian -mcpu=v9.6 -mxl-soft-mul -Wl,--no-relax -MMD -MP -MF"src/testperiph.d" -MT"src/testperiph.o" -o "src/testperiph.o" "../src/testperiph.c"
'Finished building: ../src/testperiph.c'
' '
'Building target: peri_test_2.elf'
'Invoking: MicroBlaze gcc linker'
mb-gcc -Wl,-T -Wl,../src/lscript.ld -L../../peri_test_2_bsp/microblaze_0/lib -mlittle-endian -mcpu=v9.6 -mxl-soft-mul -Wl,--no-relax -o "peri_test_2.elf"  ./src/testperiph.o ./src/xgpio_tapp_example.o ./src/xtmrctr_selftest_example.o   -Wl,--start-group,-lxil,-lgcc,-lc,--end-group
'Finished building target: peri_test_2.elf'
' '
'Invoking: MicroBlaze Print Size'
mb-size peri_test_2.elf  |tee "peri_test_2.elf.size"
   text	   data	    bss	    dec	    hex	filename
   8868	    320	   3196	  12384	   3060	peri_test_2.elf
'Finished building: peri_test_2.elf.size'
' '
15:54:47 **** Auto Build of configuration Debug for project peri_test_2 ****
make all 
'Building file: ../src/testperiph.c'
'Invoking: MicroBlaze gcc compiler'
mb-gcc -Wall -O0 -g3 -c -fmessage-length=0 -MT"src/testperiph.o" -I../../peri_test_2_bsp/microblaze_0/include -mlittle-endian -mcpu=v9.6 -mxl-soft-mul -Wl,--no-relax -MMD -MP -MF"src/testperiph.d" -MT"src/testperiph.o" -o "src/testperiph.o" "../src/testperiph.c"
'Finished building: ../src/testperiph.c'
' '
'Building target: peri_test_2.elf'
'Invoking: MicroBlaze gcc linker'
mb-gcc -Wl,-T -Wl,../src/lscript.ld -L../../peri_test_2_bsp/microblaze_0/lib -mlittle-endian -mcpu=v9.6 -mxl-soft-mul -Wl,--no-relax -o "peri_test_2.elf"  ./src/testperiph.o ./src/xgpio_tapp_example.o ./src/xtmrctr_selftest_example.o   -Wl,--start-group,-lxil,-lgcc,-lc,--end-group
'Finished building target: peri_test_2.elf'
' '
'Invoking: MicroBlaze Print Size'
mb-size peri_test_2.elf  |tee "peri_test_2.elf.size"
   text	   data	    bss	    dec	    hex	filename
   8364	    320	   3196	  11880	   2e68	peri_test_2.elf
'Finished building: peri_test_2.elf.size'
' '
15:55:06 **** Auto Build of configuration Debug for project peri_test_2 ****
make all 
'Building file: ../src/testperiph.c'
'Invoking: MicroBlaze gcc compiler'
mb-gcc -Wall -O0 -g3 -c -fmessage-length=0 -MT"src/testperiph.o" -I../../peri_test_2_bsp/microblaze_0/include -mlittle-endian -mcpu=v9.6 -mxl-soft-mul -Wl,--no-relax -MMD -MP -MF"src/testperiph.d" -MT"src/testperiph.o" -o "src/testperiph.o" "../src/testperiph.c"
../src/testperiph.c:41:1: error: two or more data types in declaration specifiers
 int main() 
 ^
../src/testperiph.c:42:1: error: expected ';', ',' or ')' before '{' token
 {
 ^
make: *** [src/testperiph.o] Fel 1
15:55:23 **** Auto Build of configuration Debug for project peri_test_2 ****
make all 
'Building file: ../src/testperiph.c'
'Invoking: MicroBlaze gcc compiler'
mb-gcc -Wall -O0 -g3 -c -fmessage-length=0 -MT"src/testperiph.o" -I../../peri_test_2_bsp/microblaze_0/include -mlittle-endian -mcpu=v9.6 -mxl-soft-mul -Wl,--no-relax -MMD -MP -MF"src/testperiph.d" -MT"src/testperiph.o" -o "src/testperiph.o" "../src/testperiph.c"
../src/testperiph.c: In function 'gcd1':
../src/testperiph.c:42:1: warning: control reaches end of non-void function [-Wreturn-type]
 }
 ^
../src/testperiph.c: In function 'gcd2':
../src/testperiph.c:46:1: warning: control reaches end of non-void function [-Wreturn-type]
 }
 ^
'Finished building: ../src/testperiph.c'
' '
'Building target: peri_test_2.elf'
'Invoking: MicroBlaze gcc linker'
mb-gcc -Wl,-T -Wl,../src/lscript.ld -L../../peri_test_2_bsp/microblaze_0/lib -mlittle-endian -mcpu=v9.6 -mxl-soft-mul -Wl,--no-relax -o "peri_test_2.elf"  ./src/testperiph.o ./src/xgpio_tapp_example.o ./src/xtmrctr_selftest_example.o   -Wl,--start-group,-lxil,-lgcc,-lc,--end-group
'Finished building target: peri_test_2.elf'
' '
'Invoking: MicroBlaze Print Size'
mb-size peri_test_2.elf  |tee "peri_test_2.elf.size"
   text	   data	    bss	    dec	    hex	filename
   8452	    320	   3196	  11968	   2ec0	peri_test_2.elf
'Finished building: peri_test_2.elf.size'
' '
15:55:26 **** Auto Build of configuration Debug for project peri_test_2 ****
make all 
'Building file: ../src/testperiph.c'
'Invoking: MicroBlaze gcc compiler'
mb-gcc -Wall -O0 -g3 -c -fmessage-length=0 -MT"src/testperiph.o" -I../../peri_test_2_bsp/microblaze_0/include -mlittle-endian -mcpu=v9.6 -mxl-soft-mul -Wl,--no-relax -MMD -MP -MF"src/testperiph.d" -MT"src/testperiph.o" -o "src/testperiph.o" "../src/testperiph.c"
../src/testperiph.c: In function 'gcd1':
../src/testperiph.c:42:1: warning: control reaches end of non-void function [-Wreturn-type]
 }
 ^
../src/testperiph.c: In function 'gcd2':
../src/testperiph.c:46:1: warning: control reaches end of non-void function [-Wreturn-type]
 }
 ^
'Finished building: ../src/testperiph.c'
' '
'Building target: peri_test_2.elf'
'Invoking: MicroBlaze gcc linker'
mb-gcc -Wl,-T -Wl,../src/lscript.ld -L../../peri_test_2_bsp/microblaze_0/lib -mlittle-endian -mcpu=v9.6 -mxl-soft-mul -Wl,--no-relax -o "peri_test_2.elf"  ./src/testperiph.o ./src/xgpio_tapp_example.o ./src/xtmrctr_selftest_example.o   -Wl,--start-group,-lxil,-lgcc,-lc,--end-group
'Finished building target: peri_test_2.elf'
' '
'Invoking: MicroBlaze Print Size'
mb-size peri_test_2.elf  |tee "peri_test_2.elf.size"
   text	   data	    bss	    dec	    hex	filename
   8452	    320	   3196	  11968	   2ec0	peri_test_2.elf
'Finished building: peri_test_2.elf.size'
' '
15:55:34 **** Auto Build of configuration Debug for project peri_test_2 ****
make all 
'Building file: ../src/testperiph.c'
'Invoking: MicroBlaze gcc compiler'
mb-gcc -Wall -O0 -g3 -c -fmessage-length=0 -MT"src/testperiph.o" -I../../peri_test_2_bsp/microblaze_0/include -mlittle-endian -mcpu=v9.6 -mxl-soft-mul -Wl,--no-relax -MMD -MP -MF"src/testperiph.d" -MT"src/testperiph.o" -o "src/testperiph.o" "../src/testperiph.c"
'Finished building: ../src/testperiph.c'
' '
'Building target: peri_test_2.elf'
'Invoking: MicroBlaze gcc linker'
mb-gcc -Wl,-T -Wl,../src/lscript.ld -L../../peri_test_2_bsp/microblaze_0/lib -mlittle-endian -mcpu=v9.6 -mxl-soft-mul -Wl,--no-relax -o "peri_test_2.elf"  ./src/testperiph.o ./src/xgpio_tapp_example.o ./src/xtmrctr_selftest_example.o   -Wl,--start-group,-lxil,-lgcc,-lc,--end-group
'Finished building target: peri_test_2.elf'
' '
'Invoking: MicroBlaze Print Size'
mb-size peri_test_2.elf  |tee "peri_test_2.elf.size"
   text	   data	    bss	    dec	    hex	filename
   8452	    320	   3196	  11968	   2ec0	peri_test_2.elf
'Finished building: peri_test_2.elf.size'
' '
15:56:37 **** Auto Build of configuration Debug for project peri_test_2 ****
make all 
'Building file: ../src/testperiph.c'
'Invoking: MicroBlaze gcc compiler'
mb-gcc -Wall -O0 -g3 -c -fmessage-length=0 -MT"src/testperiph.o" -I../../peri_test_2_bsp/microblaze_0/include -mlittle-endian -mcpu=v9.6 -mxl-soft-mul -Wl,--no-relax -MMD -MP -MF"src/testperiph.d" -MT"src/testperiph.o" -o "src/testperiph.o" "../src/testperiph.c"
../src/testperiph.c: In function 'gcd2':
../src/testperiph.c:51:1: warning: control reaches end of non-void function [-Wreturn-type]
 }
 ^
'Finished building: ../src/testperiph.c'
' '
'Building target: peri_test_2.elf'
'Invoking: MicroBlaze gcc linker'
mb-gcc -Wl,-T -Wl,../src/lscript.ld -L../../peri_test_2_bsp/microblaze_0/lib -mlittle-endian -mcpu=v9.6 -mxl-soft-mul -Wl,--no-relax -o "peri_test_2.elf"  ./src/testperiph.o ./src/xgpio_tapp_example.o ./src/xtmrctr_selftest_example.o   -Wl,--start-group,-lxil,-lgcc,-lc,--end-group
'Finished building target: peri_test_2.elf'
' '
'Invoking: MicroBlaze Print Size'
mb-size peri_test_2.elf  |tee "peri_test_2.elf.size"
   text	   data	    bss	    dec	    hex	filename
   8524	    320	   3196	  12040	   2f08	peri_test_2.elf
'Finished building: peri_test_2.elf.size'
' '
15:56:41 **** Auto Build of configuration Debug for project peri_test_2 ****
make all 
'Building file: ../src/testperiph.c'
'Invoking: MicroBlaze gcc compiler'
mb-gcc -Wall -O0 -g3 -c -fmessage-length=0 -MT"src/testperiph.o" -I../../peri_test_2_bsp/microblaze_0/include -mlittle-endian -mcpu=v9.6 -mxl-soft-mul -Wl,--no-relax -MMD -MP -MF"src/testperiph.d" -MT"src/testperiph.o" -o "src/testperiph.o" "../src/testperiph.c"
'Finished building: ../src/testperiph.c'
' '
'Building target: peri_test_2.elf'
'Invoking: MicroBlaze gcc linker'
mb-gcc -Wl,-T -Wl,../src/lscript.ld -L../../peri_test_2_bsp/microblaze_0/lib -mlittle-endian -mcpu=v9.6 -mxl-soft-mul -Wl,--no-relax -o "peri_test_2.elf"  ./src/testperiph.o ./src/xgpio_tapp_example.o ./src/xtmrctr_selftest_example.o   -Wl,--start-group,-lxil,-lgcc,-lc,--end-group
'Finished building target: peri_test_2.elf'
' '
'Invoking: MicroBlaze Print Size'
mb-size peri_test_2.elf  |tee "peri_test_2.elf.size"
   text	   data	    bss	    dec	    hex	filename
   8524	    320	   3196	  12040	   2f08	peri_test_2.elf
'Finished building: peri_test_2.elf.size'
' '
15:58:02 **** Auto Build of configuration Debug for project peri_test_2 ****
make all 
'Building file: ../src/testperiph.c'
'Invoking: MicroBlaze gcc compiler'
mb-gcc -Wall -O0 -g3 -c -fmessage-length=0 -MT"src/testperiph.o" -I../../peri_test_2_bsp/microblaze_0/include -mlittle-endian -mcpu=v9.6 -mxl-soft-mul -Wl,--no-relax -MMD -MP -MF"src/testperiph.d" -MT"src/testperiph.o" -o "src/testperiph.o" "../src/testperiph.c"
../src/testperiph.c: In function 'gcd1':
../src/testperiph.c:44:1: warning: control reaches end of non-void function [-Wreturn-type]
 }
 ^
'Finished building: ../src/testperiph.c'
' '
'Building target: peri_test_2.elf'
'Invoking: MicroBlaze gcc linker'
mb-gcc -Wl,-T -Wl,../src/lscript.ld -L../../peri_test_2_bsp/microblaze_0/lib -mlittle-endian -mcpu=v9.6 -mxl-soft-mul -Wl,--no-relax -o "peri_test_2.elf"  ./src/testperiph.o ./src/xgpio_tapp_example.o ./src/xtmrctr_selftest_example.o   -Wl,--start-group,-lxil,-lgcc,-lc,--end-group
'Finished building target: peri_test_2.elf'
' '
'Invoking: MicroBlaze Print Size'
mb-size peri_test_2.elf  |tee "peri_test_2.elf.size"
   text	   data	    bss	    dec	    hex	filename
   8524	    320	   3196	  12040	   2f08	peri_test_2.elf
'Finished building: peri_test_2.elf.size'
' '
16:00:01 **** Auto Build of configuration Debug for project peri_test_2 ****
make all 
'Building file: ../src/testperiph.c'
'Invoking: MicroBlaze gcc compiler'
mb-gcc -Wall -O0 -g3 -c -fmessage-length=0 -MT"src/testperiph.o" -I../../peri_test_2_bsp/microblaze_0/include -mlittle-endian -mcpu=v9.6 -mxl-soft-mul -Wl,--no-relax -MMD -MP -MF"src/testperiph.d" -MT"src/testperiph.o" -o "src/testperiph.o" "../src/testperiph.c"
../src/testperiph.c: In function 'gcd1':
../src/testperiph.c:50:1: warning: control reaches end of non-void function [-Wreturn-type]
 }
 ^
'Finished building: ../src/testperiph.c'
' '
'Building target: peri_test_2.elf'
'Invoking: MicroBlaze gcc linker'
mb-gcc -Wl,-T -Wl,../src/lscript.ld -L../../peri_test_2_bsp/microblaze_0/lib -mlittle-endian -mcpu=v9.6 -mxl-soft-mul -Wl,--no-relax -o "peri_test_2.elf"  ./src/testperiph.o ./src/xgpio_tapp_example.o ./src/xtmrctr_selftest_example.o   -Wl,--start-group,-lxil,-lgcc,-lc,--end-group
'Finished building target: peri_test_2.elf'
' '
'Invoking: MicroBlaze Print Size'
mb-size peri_test_2.elf  |tee "peri_test_2.elf.size"
   text	   data	    bss	    dec	    hex	filename
   8828	    320	   3196	  12344	   3038	peri_test_2.elf
'Finished building: peri_test_2.elf.size'
' '
16:01:02 **** Auto Build of configuration Debug for project peri_test_2 ****
make all 
'Building file: ../src/testperiph.c'
'Invoking: MicroBlaze gcc compiler'
mb-gcc -Wall -O0 -g3 -c -fmessage-length=0 -MT"src/testperiph.o" -I../../peri_test_2_bsp/microblaze_0/include -mlittle-endian -mcpu=v9.6 -mxl-soft-mul -Wl,--no-relax -MMD -MP -MF"src/testperiph.d" -MT"src/testperiph.o" -o "src/testperiph.o" "../src/testperiph.c"
'Finished building: ../src/testperiph.c'
' '
'Building target: peri_test_2.elf'
'Invoking: MicroBlaze gcc linker'
mb-gcc -Wl,-T -Wl,../src/lscript.ld -L../../peri_test_2_bsp/microblaze_0/lib -mlittle-endian -mcpu=v9.6 -mxl-soft-mul -Wl,--no-relax -o "peri_test_2.elf"  ./src/testperiph.o ./src/xgpio_tapp_example.o ./src/xtmrctr_selftest_example.o   -Wl,--start-group,-lxil,-lgcc,-lc,--end-group
'Finished building target: peri_test_2.elf'
' '
'Invoking: MicroBlaze Print Size'
mb-size peri_test_2.elf  |tee "peri_test_2.elf.size"
   text	   data	    bss	    dec	    hex	filename
   8836	    320	   3196	  12352	   3040	peri_test_2.elf
'Finished building: peri_test_2.elf.size'
' '
16:01:23 **** Auto Build of configuration Debug for project peri_test_2 ****
make all 
'Building file: ../src/testperiph.c'
'Invoking: MicroBlaze gcc compiler'
mb-gcc -Wall -O0 -g3 -c -fmessage-length=0 -MT"src/testperiph.o" -I../../peri_test_2_bsp/microblaze_0/include -mlittle-endian -mcpu=v9.6 -mxl-soft-mul -Wl,--no-relax -MMD -MP -MF"src/testperiph.d" -MT"src/testperiph.o" -o "src/testperiph.o" "../src/testperiph.c"
'Finished building: ../src/testperiph.c'
' '
'Building target: peri_test_2.elf'
'Invoking: MicroBlaze gcc linker'
mb-gcc -Wl,-T -Wl,../src/lscript.ld -L../../peri_test_2_bsp/microblaze_0/lib -mlittle-endian -mcpu=v9.6 -mxl-soft-mul -Wl,--no-relax -o "peri_test_2.elf"  ./src/testperiph.o ./src/xgpio_tapp_example.o ./src/xtmrctr_selftest_example.o   -Wl,--start-group,-lxil,-lgcc,-lc,--end-group
'Finished building target: peri_test_2.elf'
' '
'Invoking: MicroBlaze Print Size'
mb-size peri_test_2.elf  |tee "peri_test_2.elf.size"
   text	   data	    bss	    dec	    hex	filename
   8836	    320	   3196	  12352	   3040	peri_test_2.elf
'Finished building: peri_test_2.elf.size'
' '
16:02:51 **** Auto Build of configuration Debug for project peri_test_2 ****
make all 
'Building file: ../src/testperiph.c'
'Invoking: MicroBlaze gcc compiler'
mb-gcc -Wall -O0 -g3 -c -fmessage-length=0 -MT"src/testperiph.o" -I../../peri_test_2_bsp/microblaze_0/include -mlittle-endian -mcpu=v9.6 -mxl-soft-mul -Wl,--no-relax -MMD -MP -MF"src/testperiph.d" -MT"src/testperiph.o" -o "src/testperiph.o" "../src/testperiph.c"
../src/testperiph.c: In function 'main':
../src/testperiph.c:72:29: error: 'i' undeclared (first use in this function)
    xil_printf("%d %d", gcd1(i,j), gcd2(i,j));
                             ^
../src/testperiph.c:72:29: note: each undeclared identifier is reported only once for each function it appears in
../src/testperiph.c:72:31: error: 'j' undeclared (first use in this function)
    xil_printf("%d %d", gcd1(i,j), gcd2(i,j));
                               ^
make: *** [src/testperiph.o] Fel 1
16:03:20 **** Auto Build of configuration Debug for project peri_test_2 ****
make all 
'Building file: ../src/testperiph.c'
'Invoking: MicroBlaze gcc compiler'
mb-gcc -Wall -O0 -g3 -c -fmessage-length=0 -MT"src/testperiph.o" -I../../peri_test_2_bsp/microblaze_0/include -mlittle-endian -mcpu=v9.6 -mxl-soft-mul -Wl,--no-relax -MMD -MP -MF"src/testperiph.d" -MT"src/testperiph.o" -o "src/testperiph.o" "../src/testperiph.c"
'Finished building: ../src/testperiph.c'
' '
'Building target: peri_test_2.elf'
'Invoking: MicroBlaze gcc linker'
mb-gcc -Wl,-T -Wl,../src/lscript.ld -L../../peri_test_2_bsp/microblaze_0/lib -mlittle-endian -mcpu=v9.6 -mxl-soft-mul -Wl,--no-relax -o "peri_test_2.elf"  ./src/testperiph.o ./src/xgpio_tapp_example.o ./src/xtmrctr_selftest_example.o   -Wl,--start-group,-lxil,-lgcc,-lc,--end-group
'Finished building target: peri_test_2.elf'
' '
'Invoking: MicroBlaze Print Size'
mb-size peri_test_2.elf  |tee "peri_test_2.elf.size"
   text	   data	    bss	    dec	    hex	filename
  12068	    324	   3200	  15592	   3ce8	peri_test_2.elf
'Finished building: peri_test_2.elf.size'
' '
16:03:24 **** Auto Build of configuration Debug for project peri_test_2 ****
make all 
'Building file: ../src/testperiph.c'
'Invoking: MicroBlaze gcc compiler'
mb-gcc -Wall -O0 -g3 -c -fmessage-length=0 -MT"src/testperiph.o" -I../../peri_test_2_bsp/microblaze_0/include -mlittle-endian -mcpu=v9.6 -mxl-soft-mul -Wl,--no-relax -MMD -MP -MF"src/testperiph.d" -MT"src/testperiph.o" -o "src/testperiph.o" "../src/testperiph.c"
../src/testperiph.c: In function 'main':
../src/testperiph.c:72:11: warning: unused variable 'j' [-Wunused-variable]
    int i, j;
           ^
../src/testperiph.c:72:8: warning: unused variable 'i' [-Wunused-variable]
    int i, j;
        ^
'Finished building: ../src/testperiph.c'
' '
'Building target: peri_test_2.elf'
'Invoking: MicroBlaze gcc linker'
mb-gcc -Wl,-T -Wl,../src/lscript.ld -L../../peri_test_2_bsp/microblaze_0/lib -mlittle-endian -mcpu=v9.6 -mxl-soft-mul -Wl,--no-relax -o "peri_test_2.elf"  ./src/testperiph.o ./src/xgpio_tapp_example.o ./src/xtmrctr_selftest_example.o   -Wl,--start-group,-lxil,-lgcc,-lc,--end-group
'Finished building target: peri_test_2.elf'
' '
'Invoking: MicroBlaze Print Size'
mb-size peri_test_2.elf  |tee "peri_test_2.elf.size"
   text	   data	    bss	    dec	    hex	filename
  12068	    324	   3200	  15592	   3ce8	peri_test_2.elf
'Finished building: peri_test_2.elf.size'
' '
16:03:28 **** Auto Build of configuration Debug for project peri_test_2 ****
make all 
'Building file: ../src/testperiph.c'
'Invoking: MicroBlaze gcc compiler'
mb-gcc -Wall -O0 -g3 -c -fmessage-length=0 -MT"src/testperiph.o" -I../../peri_test_2_bsp/microblaze_0/include -mlittle-endian -mcpu=v9.6 -mxl-soft-mul -Wl,--no-relax -MMD -MP -MF"src/testperiph.d" -MT"src/testperiph.o" -o "src/testperiph.o" "../src/testperiph.c"
'Finished building: ../src/testperiph.c'
' '
'Building target: peri_test_2.elf'
'Invoking: MicroBlaze gcc linker'
mb-gcc -Wl,-T -Wl,../src/lscript.ld -L../../peri_test_2_bsp/microblaze_0/lib -mlittle-endian -mcpu=v9.6 -mxl-soft-mul -Wl,--no-relax -o "peri_test_2.elf"  ./src/testperiph.o ./src/xgpio_tapp_example.o ./src/xtmrctr_selftest_example.o   -Wl,--start-group,-lxil,-lgcc,-lc,--end-group
'Finished building target: peri_test_2.elf'
' '
'Invoking: MicroBlaze Print Size'
mb-size peri_test_2.elf  |tee "peri_test_2.elf.size"
   text	   data	    bss	    dec	    hex	filename
  12068	    324	   3200	  15592	   3ce8	peri_test_2.elf
'Finished building: peri_test_2.elf.size'
' '
16:03:44 **** Incremental Build of configuration Debug for project peri_test_2 ****
make all 
make: Inget behöver göras för "all".
16:03:55 **** Incremental Build of configuration Debug for project peri_test_2 ****
make all 
make: Inget behöver göras för "all".
16:04:13 **** Incremental Build of configuration Debug for project peri_test_2 ****
make all 
make: Inget behöver göras för "all".
16:05:50 **** Auto Build of configuration Debug for project peri_test_2 ****
make all 
'Building file: ../src/testperiph.c'
'Invoking: MicroBlaze gcc compiler'
mb-gcc -Wall -O0 -g3 -c -fmessage-length=0 -MT"src/testperiph.o" -I../../peri_test_2_bsp/microblaze_0/include -mlittle-endian -mcpu=v9.6 -mxl-soft-mul -Wl,--no-relax -MMD -MP -MF"src/testperiph.d" -MT"src/testperiph.o" -o "src/testperiph.o" "../src/testperiph.c"
'Finished building: ../src/testperiph.c'
' '
'Building target: peri_test_2.elf'
'Invoking: MicroBlaze gcc linker'
mb-gcc -Wl,-T -Wl,../src/lscript.ld -L../../peri_test_2_bsp/microblaze_0/lib -mlittle-endian -mcpu=v9.6 -mxl-soft-mul -Wl,--no-relax -o "peri_test_2.elf"  ./src/testperiph.o ./src/xgpio_tapp_example.o ./src/xtmrctr_selftest_example.o   -Wl,--start-group,-lxil,-lgcc,-lc,--end-group
'Finished building target: peri_test_2.elf'
' '
'Invoking: MicroBlaze Print Size'
mb-size peri_test_2.elf  |tee "peri_test_2.elf.size"
   text	   data	    bss	    dec	    hex	filename
  12068	    324	   3200	  15592	   3ce8	peri_test_2.elf
'Finished building: peri_test_2.elf.size'
' '
16:07:22 **** Auto Build of configuration Debug for project peri_test_2 ****
make all 
'Building file: ../src/testperiph.c'
'Invoking: MicroBlaze gcc compiler'
mb-gcc -Wall -O0 -g3 -c -fmessage-length=0 -MT"src/testperiph.o" -I../../peri_test_2_bsp/microblaze_0/include -mlittle-endian -mcpu=v9.6 -mxl-soft-mul -Wl,--no-relax -MMD -MP -MF"src/testperiph.d" -MT"src/testperiph.o" -o "src/testperiph.o" "../src/testperiph.c"
../src/testperiph.c: In function 'main':
../src/testperiph.c:75:15: warning: implicit declaration of function 'gcd' [-Wimplicit-function-declaration]
      int g1 = gcd(i, j);
               ^
../src/testperiph.c:76:10: warning: unused variable 'g2' [-Wunused-variable]
      int g2 = gcd2(i, j);
          ^
../src/testperiph.c:75:10: warning: unused variable 'g1' [-Wunused-variable]
      int g1 = gcd(i, j);
          ^
'Finished building: ../src/testperiph.c'
' '
'Building target: peri_test_2.elf'
'Invoking: MicroBlaze gcc linker'
mb-gcc -Wl,-T -Wl,../src/lscript.ld -L../../peri_test_2_bsp/microblaze_0/lib -mlittle-endian -mcpu=v9.6 -mxl-soft-mul -Wl,--no-relax -o "peri_test_2.elf"  ./src/testperiph.o ./src/xgpio_tapp_example.o ./src/xtmrctr_selftest_example.o   -Wl,--start-group,-lxil,-lgcc,-lc,--end-group
./src/testperiph.o: In function `main':
C:\Users\dat14amr\Program\project_4\project_4.sdk\peri_test_2\Debug/../src/testperiph.c:75: undefined reference to `gcd'
collect2.exe: error: ld returned 1 exit status
make: *** [peri_test_2.elf] Fel 1
16:07:25 **** Auto Build of configuration Debug for project peri_test_2 ****
make all 
'Building file: ../src/testperiph.c'
'Invoking: MicroBlaze gcc compiler'
mb-gcc -Wall -O0 -g3 -c -fmessage-length=0 -MT"src/testperiph.o" -I../../peri_test_2_bsp/microblaze_0/include -mlittle-endian -mcpu=v9.6 -mxl-soft-mul -Wl,--no-relax -MMD -MP -MF"src/testperiph.d" -MT"src/testperiph.o" -o "src/testperiph.o" "../src/testperiph.c"
../src/testperiph.c: In function 'main':
../src/testperiph.c:76:10: warning: unused variable 'g2' [-Wunused-variable]
      int g2 = gcd2(i, j);
          ^
../src/testperiph.c:75:10: warning: unused variable 'g1' [-Wunused-variable]
      int g1 = gcd1(i, j);
          ^
'Finished building: ../src/testperiph.c'
' '
'Building target: peri_test_2.elf'
'Invoking: MicroBlaze gcc linker'
mb-gcc -Wl,-T -Wl,../src/lscript.ld -L../../peri_test_2_bsp/microblaze_0/lib -mlittle-endian -mcpu=v9.6 -mxl-soft-mul -Wl,--no-relax -o "peri_test_2.elf"  ./src/testperiph.o ./src/xgpio_tapp_example.o ./src/xtmrctr_selftest_example.o   -Wl,--start-group,-lxil,-lgcc,-lc,--end-group
'Finished building target: peri_test_2.elf'
' '
'Invoking: MicroBlaze Print Size'
mb-size peri_test_2.elf  |tee "peri_test_2.elf.size"
   text	   data	    bss	    dec	    hex	filename
  12124	    324	   3200	  15648	   3d20	peri_test_2.elf
'Finished building: peri_test_2.elf.size'
' '
16:07:35 **** Auto Build of configuration Debug for project peri_test_2 ****
make all 
'Building file: ../src/testperiph.c'
'Invoking: MicroBlaze gcc compiler'
mb-gcc -Wall -O0 -g3 -c -fmessage-length=0 -MT"src/testperiph.o" -I../../peri_test_2_bsp/microblaze_0/include -mlittle-endian -mcpu=v9.6 -mxl-soft-mul -Wl,--no-relax -MMD -MP -MF"src/testperiph.d" -MT"src/testperiph.o" -o "src/testperiph.o" "../src/testperiph.c"
'Finished building: ../src/testperiph.c'
' '
'Building target: peri_test_2.elf'
'Invoking: MicroBlaze gcc linker'
mb-gcc -Wl,-T -Wl,../src/lscript.ld -L../../peri_test_2_bsp/microblaze_0/lib -mlittle-endian -mcpu=v9.6 -mxl-soft-mul -Wl,--no-relax -o "peri_test_2.elf"  ./src/testperiph.o ./src/xgpio_tapp_example.o ./src/xtmrctr_selftest_example.o   -Wl,--start-group,-lxil,-lgcc,-lc,--end-group
'Finished building target: peri_test_2.elf'
' '
'Invoking: MicroBlaze Print Size'
mb-size peri_test_2.elf  |tee "peri_test_2.elf.size"
   text	   data	    bss	    dec	    hex	filename
  12064	    324	   3196	  15584	   3ce0	peri_test_2.elf
'Finished building: peri_test_2.elf.size'
' '
19:52:27 **** Auto Build of project peri_test_2_bsp ****
make -k all 
"Running Make include in microblaze_0/libsrc/bram_v4_1/src"
make -C microblaze_0/libsrc/bram_v4_1/src -s include  "SHELL=CMD" "COMPILER=mb-gcc" "ARCHIVER=mb-ar" "COMPILER_FLAGS= -O2 -c -mcpu=v9.6 -mlittle-endian -mxl-soft-mul" "EXTRA_COMPILER_FLAGS=-g"
"Running Make include in microblaze_0/libsrc/cpu_v2_4/src"
make -C microblaze_0/libsrc/cpu_v2_4/src -s include  "SHELL=CMD" "COMPILER=mb-gcc" "ARCHIVER=mb-ar" "COMPILER_FLAGS= -O2 -c -mcpu=v9.6 -mlittle-endian -mxl-soft-mul" "EXTRA_COMPILER_FLAGS=-g"
"Running Make include in microblaze_0/libsrc/gpio_v4_1/src"
make -C microblaze_0/libsrc/gpio_v4_1/src -s include  "SHELL=CMD" "COMPILER=mb-gcc" "ARCHIVER=mb-ar" "COMPILER_FLAGS= -O2 -c -mcpu=v9.6 -mlittle-endian -mxl-soft-mul" "EXTRA_COMPILER_FLAGS=-g"
"Running Make include in microblaze_0/libsrc/standalone_v5_4/src"
make -C microblaze_0/libsrc/standalone_v5_4/src -s include  "SHELL=CMD" "COMPILER=mb-gcc" "ARCHIVER=mb-ar" "COMPILER_FLAGS= -O2 -c -mcpu=v9.6 -mlittle-endian -mxl-soft-mul" "EXTRA_COMPILER_FLAGS=-g"
"Running Make include in microblaze_0/libsrc/tmrctr_v4_1/src"
make -C microblaze_0/libsrc/tmrctr_v4_1/src -s include  "SHELL=CMD" "COMPILER=mb-gcc" "ARCHIVER=mb-ar" "COMPILER_FLAGS= -O2 -c -mcpu=v9.6 -mlittle-endian -mxl-soft-mul" "EXTRA_COMPILER_FLAGS=-g"
"Running Make include in microblaze_0/libsrc/uartlite_v3_2/src"
make -C microblaze_0/libsrc/uartlite_v3_2/src -s include  "SHELL=CMD" "COMPILER=mb-gcc" "ARCHIVER=mb-ar" "COMPILER_FLAGS= -O2 -c -mcpu=v9.6 -mlittle-endian -mxl-soft-mul" "EXTRA_COMPILER_FLAGS=-g"
"Running Make libs in microblaze_0/libsrc/bram_v4_1/src"
make -C microblaze_0/libsrc/bram_v4_1/src -s libs  "SHELL=CMD" "COMPILER=mb-gcc" "ARCHIVER=mb-ar" "COMPILER_FLAGS= -O2 -c -mcpu=v9.6 -mlittle-endian -mxl-soft-mul" "EXTRA_COMPILER_FLAGS=-g"
"Compiling bram"
"Running Make libs in microblaze_0/libsrc/cpu_v2_4/src"
make -C microblaze_0/libsrc/cpu_v2_4/src -s libs  "SHELL=CMD" "COMPILER=mb-gcc" "ARCHIVER=mb-ar" "COMPILER_FLAGS= -O2 -c -mcpu=v9.6 -mlittle-endian -mxl-soft-mul" "EXTRA_COMPILER_FLAGS=-g"
"Compiling cpu"
"Running Make libs in microblaze_0/libsrc/gpio_v4_1/src"
make -C microblaze_0/libsrc/gpio_v4_1/src -s libs  "SHELL=CMD" "COMPILER=mb-gcc" "ARCHIVER=mb-ar" "COMPILER_FLAGS= -O2 -c -mcpu=v9.6 -mlittle-endian -mxl-soft-mul" "EXTRA_COMPILER_FLAGS=-g"
"Compiling gpio"
"Running Make libs in microblaze_0/libsrc/standalone_v5_4/src"
make -C microblaze_0/libsrc/standalone_v5_4/src -s libs  "SHELL=CMD" "COMPILER=mb-gcc" "ARCHIVER=mb-ar" "COMPILER_FLAGS= -O2 -c -mcpu=v9.6 -mlittle-endian -mxl-soft-mul" "EXTRA_COMPILER_FLAGS=-g"
"Compiling standalone";
"Running Make libs in microblaze_0/libsrc/tmrctr_v4_1/src"
make -C microblaze_0/libsrc/tmrctr_v4_1/src -s libs  "SHELL=CMD" "COMPILER=mb-gcc" "ARCHIVER=mb-ar" "COMPILER_FLAGS= -O2 -c -mcpu=v9.6 -mlittle-endian -mxl-soft-mul" "EXTRA_COMPILER_FLAGS=-g"
"Compiling tmrctr"
"Running Make libs in microblaze_0/libsrc/uartlite_v3_2/src"
make -C microblaze_0/libsrc/uartlite_v3_2/src -s libs  "SHELL=CMD" "COMPILER=mb-gcc" "ARCHIVER=mb-ar" "COMPILER_FLAGS= -O2 -c -mcpu=v9.6 -mlittle-endian -mxl-soft-mul" "EXTRA_COMPILER_FLAGS=-g"
"Compiling uartlite"
'Finished building libraries'
19:53:53 **** Auto Build of configuration Debug for project peri_test_2 ****
make all 
'Building file: ../src/testperiph.c'
'Invoking: MicroBlaze gcc compiler'
mb-gcc -Wall -O0 -g3 -c -fmessage-length=0 -MT"src/testperiph.o" -I../../peri_test_2_bsp/microblaze_0/include -mlittle-endian -mcpu=v9.6 -mxl-soft-mul -Wl,--no-relax -MMD -MP -MF"src/testperiph.d" -MT"src/testperiph.o" -o "src/testperiph.o" "../src/testperiph.c"
'Finished building: ../src/testperiph.c'
' '
'Building file: ../src/xgpio_tapp_example.c'
'Invoking: MicroBlaze gcc compiler'
mb-gcc -Wall -O0 -g3 -c -fmessage-length=0 -MT"src/xgpio_tapp_example.o" -I../../peri_test_2_bsp/microblaze_0/include -mlittle-endian -mcpu=v9.6 -mxl-soft-mul -Wl,--no-relax -MMD -MP -MF"src/xgpio_tapp_example.d" -MT"src/xgpio_tapp_example.o" -o "src/xgpio_tapp_example.o" "../src/xgpio_tapp_example.c"
'Finished building: ../src/xgpio_tapp_example.c'
' '
'Building file: ../src/xtmrctr_selftest_example.c'
'Invoking: MicroBlaze gcc compiler'
mb-gcc -Wall -O0 -g3 -c -fmessage-length=0 -MT"src/xtmrctr_selftest_example.o" -I../../peri_test_2_bsp/microblaze_0/include -mlittle-endian -mcpu=v9.6 -mxl-soft-mul -Wl,--no-relax -MMD -MP -MF"src/xtmrctr_selftest_example.d" -MT"src/xtmrctr_selftest_example.o" -o "src/xtmrctr_selftest_example.o" "../src/xtmrctr_selftest_example.c"
'Finished building: ../src/xtmrctr_selftest_example.c'
' '
'Building target: peri_test_2.elf'
'Invoking: MicroBlaze gcc linker'
mb-gcc -Wl,-T -Wl,../src/lscript.ld -L../../peri_test_2_bsp/microblaze_0/lib -mlittle-endian -mcpu=v9.6 -mxl-soft-mul -Wl,--no-relax -o "peri_test_2.elf"  ./src/testperiph.o ./src/xgpio_tapp_example.o ./src/xtmrctr_selftest_example.o   -Wl,--start-group,-lxil,-lgcc,-lc,--end-group
'Finished building target: peri_test_2.elf'
' '
'Invoking: MicroBlaze Print Size'
mb-size peri_test_2.elf  |tee "peri_test_2.elf.size"
   text	   data	    bss	    dec	    hex	filename
  12064	    324	   3196	  15584	   3ce0	peri_test_2.elf
'Finished building: peri_test_2.elf.size'
' '
20:23:21 **** Auto Build of configuration Debug for project peri_test_2 ****
make all 
'Building file: ../src/testperiph.c'
'Invoking: MicroBlaze gcc compiler'
mb-gcc -Wall -O0 -g3 -c -fmessage-length=0 -MT"src/testperiph.o" -I../../peri_test_2_bsp/microblaze_0/include -mlittle-endian -mcpu=v9.6 -mxl-soft-mul -Wl,--no-relax -MMD -MP -MF"src/testperiph.d" -MT"src/testperiph.o" -o "src/testperiph.o" "../src/testperiph.c"
'Finished building: ../src/testperiph.c'
' '
'Building target: peri_test_2.elf'
'Invoking: MicroBlaze gcc linker'
mb-gcc -Wl,-T -Wl,../src/lscript.ld -L../../peri_test_2_bsp/microblaze_0/lib -mlittle-endian -mcpu=v9.6 -mxl-soft-mul -Wl,--no-relax -o "peri_test_2.elf"  ./src/testperiph.o ./src/xgpio_tapp_example.o ./src/xtmrctr_selftest_example.o   -Wl,--start-group,-lxil,-lgcc,-lc,--end-group
'Finished building target: peri_test_2.elf'
' '
'Invoking: MicroBlaze Print Size'
mb-size peri_test_2.elf  |tee "peri_test_2.elf.size"
   text	   data	    bss	    dec	    hex	filename
  12064	    324	   3196	  15584	   3ce0	peri_test_2.elf
'Finished building: peri_test_2.elf.size'
' '
20:28:53 **** Auto Build of configuration Debug for project peri_test_2 ****
make all 
'Building file: ../src/testperiph.c'
'Invoking: MicroBlaze gcc compiler'
mb-gcc -Wall -O0 -g3 -c -fmessage-length=0 -MT"src/testperiph.o" -I../../peri_test_2_bsp/microblaze_0/include -mlittle-endian -mcpu=v9.6 -mxl-soft-mul -Wl,--no-relax -MMD -MP -MF"src/testperiph.d" -MT"src/testperiph.o" -o "src/testperiph.o" "../src/testperiph.c"
'Finished building: ../src/testperiph.c'
' '
'Building target: peri_test_2.elf'
'Invoking: MicroBlaze gcc linker'
mb-gcc -Wl,-T -Wl,../src/lscript.ld -L../../peri_test_2_bsp/microblaze_0/lib -mlittle-endian -mcpu=v9.6 -mxl-soft-mul -Wl,--no-relax -o "peri_test_2.elf"  ./src/testperiph.o ./src/xgpio_tapp_example.o ./src/xtmrctr_selftest_example.o   -Wl,--start-group,-lxil,-lgcc,-lc,--end-group
'Finished building target: peri_test_2.elf'
' '
'Invoking: MicroBlaze Print Size'
mb-size peri_test_2.elf  |tee "peri_test_2.elf.size"
   text	   data	    bss	    dec	    hex	filename
  12300	    324	   3200	  15824	   3dd0	peri_test_2.elf
'Finished building: peri_test_2.elf.size'
' '
20:29:03 **** Auto Build of configuration Debug for project peri_test_2 ****
make all 
'Building file: ../src/testperiph.c'
'Invoking: MicroBlaze gcc compiler'
mb-gcc -Wall -O0 -g3 -c -fmessage-length=0 -MT"src/testperiph.o" -I../../peri_test_2_bsp/microblaze_0/include -mlittle-endian -mcpu=v9.6 -mxl-soft-mul -Wl,--no-relax -MMD -MP -MF"src/testperiph.d" -MT"src/testperiph.o" -o "src/testperiph.o" "../src/testperiph.c"
'Finished building: ../src/testperiph.c'
' '
'Building target: peri_test_2.elf'
'Invoking: MicroBlaze gcc linker'
mb-gcc -Wl,-T -Wl,../src/lscript.ld -L../../peri_test_2_bsp/microblaze_0/lib -mlittle-endian -mcpu=v9.6 -mxl-soft-mul -Wl,--no-relax -o "peri_test_2.elf"  ./src/testperiph.o ./src/xgpio_tapp_example.o ./src/xtmrctr_selftest_example.o   -Wl,--start-group,-lxil,-lgcc,-lc,--end-group
'Finished building target: peri_test_2.elf'
' '
'Invoking: MicroBlaze Print Size'
mb-size peri_test_2.elf  |tee "peri_test_2.elf.size"
   text	   data	    bss	    dec	    hex	filename
  12300	    324	   3200	  15824	   3dd0	peri_test_2.elf
'Finished building: peri_test_2.elf.size'
' '
20:34:16 **** Auto Build of configuration Debug for project peri_test_2 ****
make all 
'Building file: ../src/testperiph.c'
'Invoking: MicroBlaze gcc compiler'
mb-gcc -Wall -O0 -g3 -c -fmessage-length=0 -MT"src/testperiph.o" -I../../peri_test_2_bsp/microblaze_0/include -mlittle-endian -mcpu=v9.6 -mxl-soft-mul -Wl,--no-relax -MMD -MP -MF"src/testperiph.d" -MT"src/testperiph.o" -o "src/testperiph.o" "../src/testperiph.c"
'Finished building: ../src/testperiph.c'
' '
'Building target: peri_test_2.elf'
'Invoking: MicroBlaze gcc linker'
mb-gcc -Wl,-T -Wl,../src/lscript.ld -L../../peri_test_2_bsp/microblaze_0/lib -mlittle-endian -mcpu=v9.6 -mxl-soft-mul -Wl,--no-relax -o "peri_test_2.elf"  ./src/testperiph.o ./src/xgpio_tapp_example.o ./src/xtmrctr_selftest_example.o   -Wl,--start-group,-lxil,-lgcc,-lc,--end-group
'Finished building target: peri_test_2.elf'
' '
'Invoking: MicroBlaze Print Size'
mb-size peri_test_2.elf  |tee "peri_test_2.elf.size"
   text	   data	    bss	    dec	    hex	filename
  12300	    324	   3200	  15824	   3dd0	peri_test_2.elf
'Finished building: peri_test_2.elf.size'
' '
20:34:41 **** Auto Build of configuration Debug for project peri_test_2 ****
make all 
'Building file: ../src/testperiph.c'
'Invoking: MicroBlaze gcc compiler'
mb-gcc -Wall -O0 -g3 -c -fmessage-length=0 -MT"src/testperiph.o" -I../../peri_test_2_bsp/microblaze_0/include -mlittle-endian -mcpu=v9.6 -mxl-soft-mul -Wl,--no-relax -MMD -MP -MF"src/testperiph.d" -MT"src/testperiph.o" -o "src/testperiph.o" "../src/testperiph.c"
'Finished building: ../src/testperiph.c'
' '
'Building target: peri_test_2.elf'
'Invoking: MicroBlaze gcc linker'
mb-gcc -Wl,-T -Wl,../src/lscript.ld -L../../peri_test_2_bsp/microblaze_0/lib -mlittle-endian -mcpu=v9.6 -mxl-soft-mul -Wl,--no-relax -o "peri_test_2.elf"  ./src/testperiph.o ./src/xgpio_tapp_example.o ./src/xtmrctr_selftest_example.o   -Wl,--start-group,-lxil,-lgcc,-lc,--end-group
'Finished building target: peri_test_2.elf'
' '
'Invoking: MicroBlaze Print Size'
mb-size peri_test_2.elf  |tee "peri_test_2.elf.size"
   text	   data	    bss	    dec	    hex	filename
  12300	    324	   3200	  15824	   3dd0	peri_test_2.elf
'Finished building: peri_test_2.elf.size'
' '
20:35:04 **** Auto Build of configuration Debug for project peri_test_2 ****
make all 
'Building file: ../src/testperiph.c'
'Invoking: MicroBlaze gcc compiler'
mb-gcc -Wall -O0 -g3 -c -fmessage-length=0 -MT"src/testperiph.o" -I../../peri_test_2_bsp/microblaze_0/include -mlittle-endian -mcpu=v9.6 -mxl-soft-mul -Wl,--no-relax -MMD -MP -MF"src/testperiph.d" -MT"src/testperiph.o" -o "src/testperiph.o" "../src/testperiph.c"
../src/testperiph.c: In function 'main':
../src/testperiph.c:62:8: warning: unused variable 'sndNum' [-Wunused-variable]
    int sndNum = 23;
        ^
../src/testperiph.c:61:8: warning: unused variable 'fstNum' [-Wunused-variable]
    int fstNum = 34;
        ^
'Finished building: ../src/testperiph.c'
' '
'Building target: peri_test_2.elf'
'Invoking: MicroBlaze gcc linker'
mb-gcc -Wl,-T -Wl,../src/lscript.ld -L../../peri_test_2_bsp/microblaze_0/lib -mlittle-endian -mcpu=v9.6 -mxl-soft-mul -Wl,--no-relax -o "peri_test_2.elf"  ./src/testperiph.o ./src/xgpio_tapp_example.o ./src/xtmrctr_selftest_example.o   -Wl,--start-group,-lxil,-lgcc,-lc,--end-group
'Finished building target: peri_test_2.elf'
' '
'Invoking: MicroBlaze Print Size'
mb-size peri_test_2.elf  |tee "peri_test_2.elf.size"
   text	   data	    bss	    dec	    hex	filename
  12316	    324	   3200	  15840	   3de0	peri_test_2.elf
'Finished building: peri_test_2.elf.size'
' '
20:35:19 **** Auto Build of configuration Debug for project peri_test_2 ****
make all 
'Building file: ../src/testperiph.c'
'Invoking: MicroBlaze gcc compiler'
mb-gcc -Wall -O0 -g3 -c -fmessage-length=0 -MT"src/testperiph.o" -I../../peri_test_2_bsp/microblaze_0/include -mlittle-endian -mcpu=v9.6 -mxl-soft-mul -Wl,--no-relax -MMD -MP -MF"src/testperiph.d" -MT"src/testperiph.o" -o "src/testperiph.o" "../src/testperiph.c"
../src/testperiph.c: In function 'main':
../src/testperiph.c:62:8: warning: unused variable 'sndNum' [-Wunused-variable]
    int sndNum = 23; // = getnum();
        ^
../src/testperiph.c:61:8: warning: unused variable 'fstNum' [-Wunused-variable]
    int fstNum = 34; // = getnum();
        ^
'Finished building: ../src/testperiph.c'
' '
'Building target: peri_test_2.elf'
'Invoking: MicroBlaze gcc linker'
mb-gcc -Wl,-T -Wl,../src/lscript.ld -L../../peri_test_2_bsp/microblaze_0/lib -mlittle-endian -mcpu=v9.6 -mxl-soft-mul -Wl,--no-relax -o "peri_test_2.elf"  ./src/testperiph.o ./src/xgpio_tapp_example.o ./src/xtmrctr_selftest_example.o   -Wl,--start-group,-lxil,-lgcc,-lc,--end-group
'Finished building target: peri_test_2.elf'
' '
'Invoking: MicroBlaze Print Size'
mb-size peri_test_2.elf  |tee "peri_test_2.elf.size"
   text	   data	    bss	    dec	    hex	filename
  12316	    324	   3200	  15840	   3de0	peri_test_2.elf
'Finished building: peri_test_2.elf.size'
' '
16:00:44 **** Auto Build of configuration Debug for project peri_test_2 ****
make all 
'Building file: ../src/testperiph.c'
'Invoking: MicroBlaze gcc compiler'
mb-gcc -Wall -O0 -g3 -c -fmessage-length=0 -MT"src/testperiph.o" -I../../peri_test_2_bsp/microblaze_0/include -mlittle-endian -mcpu=v9.6 -mxl-soft-mul -Wl,--no-relax -MMD -MP -MF"src/testperiph.d" -MT"src/testperiph.o" -o "src/testperiph.o" "../src/testperiph.c"
../src/testperiph.c: In function 'main':
../src/testperiph.c:72:8: warning: unused variable 'sndNum' [-Wunused-variable]
    int sndNum = 23; // = getnum();
        ^
../src/testperiph.c:71:8: warning: unused variable 'fstNum' [-Wunused-variable]
    int fstNum = 34; // = getnum();
        ^
'Finished building: ../src/testperiph.c'
' '
'Building target: peri_test_2.elf'
'Invoking: MicroBlaze gcc linker'
mb-gcc -Wl,-T -Wl,../src/lscript.ld -L../../peri_test_2_bsp/microblaze_0/lib -mlittle-endian -mcpu=v9.6 -mxl-soft-mul -Wl,--no-relax -o "peri_test_2.elf"  ./src/testperiph.o ./src/xgpio_tapp_example.o ./src/xtmrctr_selftest_example.o   -Wl,--start-group,-lxil,-lgcc,-lc,--end-group
'Finished building target: peri_test_2.elf'
' '
'Invoking: MicroBlaze Print Size'
mb-size peri_test_2.elf  |tee "peri_test_2.elf.size"
   text	   data	    bss	    dec	    hex	filename
  12500	    324	   3200	  16024	   3e98	peri_test_2.elf
'Finished building: peri_test_2.elf.size'
' '
16:51:36 **** Auto Build of configuration Debug for project peri_test_2 ****
make all 
'Building file: ../src/testperiph.c'
'Invoking: MicroBlaze gcc compiler'
mb-gcc -Wall -O0 -g3 -c -fmessage-length=0 -MT"src/testperiph.o" -I../../peri_test_2_bsp/microblaze_0/include -mlittle-endian -mcpu=v9.6 -mxl-soft-mul -Wl,--no-relax -MMD -MP -MF"src/testperiph.d" -MT"src/testperiph.o" -o "src/testperiph.o" "../src/testperiph.c"
../src/testperiph.c: In function 'main':
../src/testperiph.c:72:8: warning: unused variable 'sndNum' [-Wunused-variable]
    int sndNum = 23; // = getnum();
        ^
../src/testperiph.c:71:8: warning: unused variable 'fstNum' [-Wunused-variable]
    int fstNum = 34; // = getnum();
        ^
'Finished building: ../src/testperiph.c'
' '
'Building target: peri_test_2.elf'
'Invoking: MicroBlaze gcc linker'
mb-gcc -Wl,-T -Wl,../src/lscript.ld -L../../peri_test_2_bsp/microblaze_0/lib -mlittle-endian -mcpu=v9.6 -mxl-soft-mul -Wl,--no-relax -o "peri_test_2.elf"  ./src/testperiph.o ./src/xgpio_tapp_example.o ./src/xtmrctr_selftest_example.o   -Wl,--start-group,-lxil,-lgcc,-lc,--end-group
'Finished building target: peri_test_2.elf'
' '
'Invoking: MicroBlaze Print Size'
mb-size peri_test_2.elf  |tee "peri_test_2.elf.size"
   text	   data	    bss	    dec	    hex	filename
  12500	    324	   3200	  16024	   3e98	peri_test_2.elf
'Finished building: peri_test_2.elf.size'
' '
16:51:54 **** Auto Build of configuration Debug for project peri_test_2 ****
make all 
'Building file: ../src/testperiph.c'
'Invoking: MicroBlaze gcc compiler'
mb-gcc -Wall -O0 -g3 -c -fmessage-length=0 -MT"src/testperiph.o" -I../../peri_test_2_bsp/microblaze_0/include -mlittle-endian -mcpu=v9.6 -mxl-soft-mul -Wl,--no-relax -MMD -MP -MF"src/testperiph.d" -MT"src/testperiph.o" -o "src/testperiph.o" "../src/testperiph.c"
../src/testperiph.c: In function 'main':
../src/testperiph.c:72:8: warning: unused variable 'sndNum' [-Wunused-variable]
    int sndNum = 23; // = getnum();
        ^
../src/testperiph.c:71:8: warning: unused variable 'fstNum' [-Wunused-variable]
    int fstNum = 34; // = getnum();
        ^
'Finished building: ../src/testperiph.c'
' '
'Building target: peri_test_2.elf'
'Invoking: MicroBlaze gcc linker'
mb-gcc -Wl,-T -Wl,../src/lscript.ld -L../../peri_test_2_bsp/microblaze_0/lib -mlittle-endian -mcpu=v9.6 -mxl-soft-mul -Wl,--no-relax -o "peri_test_2.elf"  ./src/testperiph.o ./src/xgpio_tapp_example.o ./src/xtmrctr_selftest_example.o   -Wl,--start-group,-lxil,-lgcc,-lc,--end-group
'Finished building target: peri_test_2.elf'
' '
'Invoking: MicroBlaze Print Size'
mb-size peri_test_2.elf  |tee "peri_test_2.elf.size"
   text	   data	    bss	    dec	    hex	filename
  12500	    324	   3200	  16024	   3e98	peri_test_2.elf
'Finished building: peri_test_2.elf.size'
' '
17:06:31 **** Auto Build of configuration Debug for project peri_test_2 ****
make all 
'Building file: ../src/testperiph.c'
'Invoking: MicroBlaze gcc compiler'
mb-gcc -Wall -O0 -g3 -c -fmessage-length=0 -MT"src/testperiph.o" -I../../peri_test_2_bsp/microblaze_0/include -mlittle-endian -mcpu=v9.6 -mxl-soft-mul -Wl,--no-relax -MMD -MP -MF"src/testperiph.d" -MT"src/testperiph.o" -o "src/testperiph.o" "../src/testperiph.c"
../src/testperiph.c: In function 'main':
../src/testperiph.c:69:8: warning: unused variable 'sndNum' [-Wunused-variable]
    int sndNum = 23; // = getnum();
        ^
../src/testperiph.c:68:8: warning: unused variable 'fstNum' [-Wunused-variable]
    int fstNum = 34; // = getnum();
        ^
'Finished building: ../src/testperiph.c'
' '
'Building target: peri_test_2.elf'
'Invoking: MicroBlaze gcc linker'
mb-gcc -Wl,-T -Wl,../src/lscript.ld -L../../peri_test_2_bsp/microblaze_0/lib -mlittle-endian -mcpu=v9.6 -mxl-soft-mul -Wl,--no-relax -o "peri_test_2.elf"  ./src/testperiph.o ./src/xgpio_tapp_example.o ./src/xtmrctr_selftest_example.o   -Wl,--start-group,-lxil,-lgcc,-lc,--end-group
'Finished building target: peri_test_2.elf'
' '
'Invoking: MicroBlaze Print Size'
mb-size peri_test_2.elf  |tee "peri_test_2.elf.size"
   text	   data	    bss	    dec	    hex	filename
  12500	    324	   3200	  16024	   3e98	peri_test_2.elf
'Finished building: peri_test_2.elf.size'
' '
17:06:59 **** Auto Build of configuration Debug for project peri_test_2 ****
make all 
'Building file: ../src/testperiph.c'
'Invoking: MicroBlaze gcc compiler'
mb-gcc -Wall -O0 -g3 -c -fmessage-length=0 -MT"src/testperiph.o" -I../../peri_test_2_bsp/microblaze_0/include -mlittle-endian -mcpu=v9.6 -mxl-soft-mul -Wl,--no-relax -MMD -MP -MF"src/testperiph.d" -MT"src/testperiph.o" -o "src/testperiph.o" "../src/testperiph.c"
../src/testperiph.c: In function 'main':
../src/testperiph.c:69:8: warning: unused variable 'sndNum' [-Wunused-variable]
    int sndNum = 23; // = getnum();
        ^
../src/testperiph.c:68:8: warning: unused variable 'fstNum' [-Wunused-variable]
    int fstNum = 34; // = getnum();
        ^
../src/testperiph.c:85:4: warning: 'g1' may be used uninitialized in this function [-Wmaybe-uninitialized]
    xil_printf("%d %d, Time: %d\n", g1, g2, time_val);
    ^
../src/testperiph.c:85:4: warning: 'g2' may be used uninitialized in this function [-Wmaybe-uninitialized]
'Finished building: ../src/testperiph.c'
' '
'Building target: peri_test_2.elf'
'Invoking: MicroBlaze gcc linker'
mb-gcc -Wl,-T -Wl,../src/lscript.ld -L../../peri_test_2_bsp/microblaze_0/lib -mlittle-endian -mcpu=v9.6 -mxl-soft-mul -Wl,--no-relax -o "peri_test_2.elf"  ./src/testperiph.o ./src/xgpio_tapp_example.o ./src/xtmrctr_selftest_example.o   -Wl,--start-group,-lxil,-lgcc,-lc,--end-group
'Finished building target: peri_test_2.elf'
' '
'Invoking: MicroBlaze Print Size'
mb-size peri_test_2.elf  |tee "peri_test_2.elf.size"
   text	   data	    bss	    dec	    hex	filename
  12572	    324	   3200	  16096	   3ee0	peri_test_2.elf
'Finished building: peri_test_2.elf.size'
' '
17:07:13 **** Auto Build of configuration Debug for project peri_test_2 ****
make all 
'Building file: ../src/testperiph.c'
'Invoking: MicroBlaze gcc compiler'
mb-gcc -Wall -O0 -g3 -c -fmessage-length=0 -MT"src/testperiph.o" -I../../peri_test_2_bsp/microblaze_0/include -mlittle-endian -mcpu=v9.6 -mxl-soft-mul -Wl,--no-relax -MMD -MP -MF"src/testperiph.d" -MT"src/testperiph.o" -o "src/testperiph.o" "../src/testperiph.c"
../src/testperiph.c: In function 'main':
../src/testperiph.c:69:8: warning: unused variable 'sndNum' [-Wunused-variable]
    int sndNum = 23; // = getnum();
        ^
../src/testperiph.c:68:8: warning: unused variable 'fstNum' [-Wunused-variable]
    int fstNum = 34; // = getnum();
        ^
../src/testperiph.c:88:4: warning: 'g1' may be used uninitialized in this function [-Wmaybe-uninitialized]
    xil_printf("%d %d, Time: %d\n", g1, g2, time_val);
    ^
../src/testperiph.c:88:4: warning: 'g2' may be used uninitialized in this function [-Wmaybe-uninitialized]
'Finished building: ../src/testperiph.c'
' '
'Building target: peri_test_2.elf'
'Invoking: MicroBlaze gcc linker'
mb-gcc -Wl,-T -Wl,../src/lscript.ld -L../../peri_test_2_bsp/microblaze_0/lib -mlittle-endian -mcpu=v9.6 -mxl-soft-mul -Wl,--no-relax -o "peri_test_2.elf"  ./src/testperiph.o ./src/xgpio_tapp_example.o ./src/xtmrctr_selftest_example.o   -Wl,--start-group,-lxil,-lgcc,-lc,--end-group
'Finished building target: peri_test_2.elf'
' '
'Invoking: MicroBlaze Print Size'
mb-size peri_test_2.elf  |tee "peri_test_2.elf.size"
   text	   data	    bss	    dec	    hex	filename
  12608	    324	   3196	  16128	   3f00	peri_test_2.elf
'Finished building: peri_test_2.elf.size'
' '
17:07:23 **** Auto Build of configuration Debug for project peri_test_2 ****
make all 
'Building file: ../src/testperiph.c'
'Invoking: MicroBlaze gcc compiler'
mb-gcc -Wall -O0 -g3 -c -fmessage-length=0 -MT"src/testperiph.o" -I../../peri_test_2_bsp/microblaze_0/include -mlittle-endian -mcpu=v9.6 -mxl-soft-mul -Wl,--no-relax -MMD -MP -MF"src/testperiph.d" -MT"src/testperiph.o" -o "src/testperiph.o" "../src/testperiph.c"
../src/testperiph.c: In function 'main':
../src/testperiph.c:69:8: warning: unused variable 'sndNum' [-Wunused-variable]
    int sndNum = 23; // = getnum();
        ^
../src/testperiph.c:68:8: warning: unused variable 'fstNum' [-Wunused-variable]
    int fstNum = 34; // = getnum();
        ^
../src/testperiph.c:93:4: warning: 'g1' may be used uninitialized in this function [-Wmaybe-uninitialized]
    xil_printf("%d %d, Time: %d\n", g1, g2, time_val);
    ^
../src/testperiph.c:93:4: warning: 'g2' may be used uninitialized in this function [-Wmaybe-uninitialized]
'Finished building: ../src/testperiph.c'
' '
'Building target: peri_test_2.elf'
'Invoking: MicroBlaze gcc linker'
mb-gcc -Wl,-T -Wl,../src/lscript.ld -L../../peri_test_2_bsp/microblaze_0/lib -mlittle-endian -mcpu=v9.6 -mxl-soft-mul -Wl,--no-relax -o "peri_test_2.elf"  ./src/testperiph.o ./src/xgpio_tapp_example.o ./src/xtmrctr_selftest_example.o   -Wl,--start-group,-lxil,-lgcc,-lc,--end-group
'Finished building target: peri_test_2.elf'
' '
'Invoking: MicroBlaze Print Size'
mb-size peri_test_2.elf  |tee "peri_test_2.elf.size"
   text	   data	    bss	    dec	    hex	filename
  12684	    324	   3200	  16208	   3f50	peri_test_2.elf
'Finished building: peri_test_2.elf.size'
' '
17:07:36 **** Auto Build of configuration Debug for project peri_test_2 ****
make all 
'Building file: ../src/testperiph.c'
'Invoking: MicroBlaze gcc compiler'
mb-gcc -Wall -O0 -g3 -c -fmessage-length=0 -MT"src/testperiph.o" -I../../peri_test_2_bsp/microblaze_0/include -mlittle-endian -mcpu=v9.6 -mxl-soft-mul -Wl,--no-relax -MMD -MP -MF"src/testperiph.d" -MT"src/testperiph.o" -o "src/testperiph.o" "../src/testperiph.c"
../src/testperiph.c: In function 'main':
../src/testperiph.c:69:8: warning: unused variable 'sndNum' [-Wunused-variable]
    int sndNum = 23; // = getnum();
        ^
../src/testperiph.c:68:8: warning: unused variable 'fstNum' [-Wunused-variable]
    int fstNum = 34; // = getnum();
        ^
../src/testperiph.c:93:4: warning: 'g1' may be used uninitialized in this function [-Wmaybe-uninitialized]
    xil_printf("%d %d, Time: %d\n", g1, g2, time_val);
    ^
../src/testperiph.c:93:4: warning: 'g2' may be used uninitialized in this function [-Wmaybe-uninitialized]
'Finished building: ../src/testperiph.c'
' '
'Building target: peri_test_2.elf'
'Invoking: MicroBlaze gcc linker'
mb-gcc -Wl,-T -Wl,../src/lscript.ld -L../../peri_test_2_bsp/microblaze_0/lib -mlittle-endian -mcpu=v9.6 -mxl-soft-mul -Wl,--no-relax -o "peri_test_2.elf"  ./src/testperiph.o ./src/xgpio_tapp_example.o ./src/xtmrctr_selftest_example.o   -Wl,--start-group,-lxil,-lgcc,-lc,--end-group
'Finished building target: peri_test_2.elf'
' '
'Invoking: MicroBlaze Print Size'
mb-size peri_test_2.elf  |tee "peri_test_2.elf.size"
   text	   data	    bss	    dec	    hex	filename
  12684	    324	   3200	  16208	   3f50	peri_test_2.elf
'Finished building: peri_test_2.elf.size'
' '
17:17:30 **** Auto Build of configuration Debug for project peri_test_2 ****
make all 
'Building file: ../src/testperiph.c'
'Invoking: MicroBlaze gcc compiler'
mb-gcc -Wall -O0 -g3 -c -fmessage-length=0 -MT"src/testperiph.o" -I../../peri_test_2_bsp/microblaze_0/include -mlittle-endian -mcpu=v9.6 -mxl-soft-mul -Wl,--no-relax -MMD -MP -MF"src/testperiph.d" -MT"src/testperiph.o" -o "src/testperiph.o" "../src/testperiph.c"
../src/testperiph.c: In function 'main':
../src/testperiph.c:69:8: warning: unused variable 'sndNum' [-Wunused-variable]
    int sndNum = 23; // = getnum();
        ^
../src/testperiph.c:68:8: warning: unused variable 'fstNum' [-Wunused-variable]
    int fstNum = 34; // = getnum();
        ^
../src/testperiph.c:91:4: warning: 'g1' may be used uninitialized in this function [-Wmaybe-uninitialized]
    xil_printf("%d %d, Time: %d\n", g1, g2, time_val);
    ^
../src/testperiph.c:91:4: warning: 'g2' may be used uninitialized in this function [-Wmaybe-uninitialized]
'Finished building: ../src/testperiph.c'
' '
'Building target: peri_test_2.elf'
'Invoking: MicroBlaze gcc linker'
mb-gcc -Wl,-T -Wl,../src/lscript.ld -L../../peri_test_2_bsp/microblaze_0/lib -mlittle-endian -mcpu=v9.6 -mxl-soft-mul -Wl,--no-relax -o "peri_test_2.elf"  ./src/testperiph.o ./src/xgpio_tapp_example.o ./src/xtmrctr_selftest_example.o   -Wl,--start-group,-lxil,-lgcc,-lc,--end-group
'Finished building target: peri_test_2.elf'
' '
'Invoking: MicroBlaze Print Size'
mb-size peri_test_2.elf  |tee "peri_test_2.elf.size"
   text	   data	    bss	    dec	    hex	filename
  12684	    324	   3200	  16208	   3f50	peri_test_2.elf
'Finished building: peri_test_2.elf.size'
' '
17:17:40 **** Auto Build of configuration Debug for project peri_test_2 ****
make all 
'Building file: ../src/testperiph.c'
'Invoking: MicroBlaze gcc compiler'
mb-gcc -Wall -O0 -g3 -c -fmessage-length=0 -MT"src/testperiph.o" -I../../peri_test_2_bsp/microblaze_0/include -mlittle-endian -mcpu=v9.6 -mxl-soft-mul -Wl,--no-relax -MMD -MP -MF"src/testperiph.d" -MT"src/testperiph.o" -o "src/testperiph.o" "../src/testperiph.c"
../src/testperiph.c: In function 'main':
../src/testperiph.c:69:8: warning: unused variable 'sndNum' [-Wunused-variable]
    int sndNum = 23; // = getnum();
        ^
../src/testperiph.c:68:8: warning: unused variable 'fstNum' [-Wunused-variable]
    int fstNum = 34; // = getnum();
        ^
../src/testperiph.c:86:4: warning: 'g1' may be used uninitialized in this function [-Wmaybe-uninitialized]
    xil_printf("%d %d, Time: %d\n", g1, g2, time_val);
    ^
../src/testperiph.c:86:4: warning: 'g2' may be used uninitialized in this function [-Wmaybe-uninitialized]
'Finished building: ../src/testperiph.c'
' '
'Building target: peri_test_2.elf'
'Invoking: MicroBlaze gcc linker'
mb-gcc -Wl,-T -Wl,../src/lscript.ld -L../../peri_test_2_bsp/microblaze_0/lib -mlittle-endian -mcpu=v9.6 -mxl-soft-mul -Wl,--no-relax -o "peri_test_2.elf"  ./src/testperiph.o ./src/xgpio_tapp_example.o ./src/xtmrctr_selftest_example.o   -Wl,--start-group,-lxil,-lgcc,-lc,--end-group
'Finished building target: peri_test_2.elf'
' '
'Invoking: MicroBlaze Print Size'
mb-size peri_test_2.elf  |tee "peri_test_2.elf.size"
   text	   data	    bss	    dec	    hex	filename
  12684	    324	   3200	  16208	   3f50	peri_test_2.elf
'Finished building: peri_test_2.elf.size'
' '
17:17:51 **** Auto Build of configuration Debug for project peri_test_2 ****
make all 
'Building file: ../src/testperiph.c'
'Invoking: MicroBlaze gcc compiler'
mb-gcc -Wall -O0 -g3 -c -fmessage-length=0 -MT"src/testperiph.o" -I../../peri_test_2_bsp/microblaze_0/include -mlittle-endian -mcpu=v9.6 -mxl-soft-mul -Wl,--no-relax -MMD -MP -MF"src/testperiph.d" -MT"src/testperiph.o" -o "src/testperiph.o" "../src/testperiph.c"
../src/testperiph.c: In function 'main':
../src/testperiph.c:69:8: warning: unused variable 'sndNum' [-Wunused-variable]
    int sndNum = 23; // = getnum();
        ^
../src/testperiph.c:68:8: warning: unused variable 'fstNum' [-Wunused-variable]
    int fstNum = 34; // = getnum();
        ^
../src/testperiph.c:86:4: warning: 'g1' may be used uninitialized in this function [-Wmaybe-uninitialized]
    xil_printf("%d %d, Time: %d\n", g1, g2, time_val);
    ^
../src/testperiph.c:86:4: warning: 'g2' may be used uninitialized in this function [-Wmaybe-uninitialized]
'Finished building: ../src/testperiph.c'
' '
'Building target: peri_test_2.elf'
'Invoking: MicroBlaze gcc linker'
mb-gcc -Wl,-T -Wl,../src/lscript.ld -L../../peri_test_2_bsp/microblaze_0/lib -mlittle-endian -mcpu=v9.6 -mxl-soft-mul -Wl,--no-relax -o "peri_test_2.elf"  ./src/testperiph.o ./src/xgpio_tapp_example.o ./src/xtmrctr_selftest_example.o   -Wl,--start-group,-lxil,-lgcc,-lc,--end-group
'Finished building target: peri_test_2.elf'
' '
'Invoking: MicroBlaze Print Size'
mb-size peri_test_2.elf  |tee "peri_test_2.elf.size"
   text	   data	    bss	    dec	    hex	filename
  12656	    324	   3196	  16176	   3f30	peri_test_2.elf
'Finished building: peri_test_2.elf.size'
' '
17:41:44 **** Auto Build of configuration Debug for project peri_test_2 ****
make all 
make: Inget behöver göras för "all".
17:42:22 **** Auto Build of configuration Debug for project peri_test_2 ****
make all 
'Building file: ../src/testperiph.c'
'Invoking: MicroBlaze gcc compiler'
mb-gcc -Wall -O0 -g3 -c -fmessage-length=0 -MT"src/testperiph.o" -I../../peri_test_2_bsp/microblaze_0/include -mlittle-endian -mcpu=v9.6 -mxl-soft-mul -Wl,--no-relax -MMD -MP -MF"src/testperiph.d" -MT"src/testperiph.o" -o "src/testperiph.o" "../src/testperiph.c"
../src/testperiph.c: In function 'main':
../src/testperiph.c:69:8: warning: unused variable 'sndNum' [-Wunused-variable]
    int sndNum = 23; // = getnum();
        ^
../src/testperiph.c:68:8: warning: unused variable 'fstNum' [-Wunused-variable]
    int fstNum = 34; // = getnum();
        ^
../src/testperiph.c:86:4: warning: 'g1' may be used uninitialized in this function [-Wmaybe-uninitialized]
    xil_printf("%d %d, Time: %d\n", g1, g2, time_val);
    ^
../src/testperiph.c:86:4: warning: 'g2' may be used uninitialized in this function [-Wmaybe-uninitialized]
'Finished building: ../src/testperiph.c'
' '
'Building target: peri_test_2.elf'
'Invoking: MicroBlaze gcc linker'
mb-gcc -Wl,-T -Wl,../src/lscript.ld -L../../peri_test_2_bsp/microblaze_0/lib -mlittle-endian -mcpu=v9.6 -mxl-soft-mul -Wl,--no-relax -o "peri_test_2.elf"  ./src/testperiph.o ./src/xgpio_tapp_example.o ./src/xtmrctr_selftest_example.o   -Wl,--start-group,-lxil,-lgcc,-lc,--end-group
'Finished building target: peri_test_2.elf'
' '
'Invoking: MicroBlaze Print Size'
mb-size peri_test_2.elf  |tee "peri_test_2.elf.size"
   text	   data	    bss	    dec	    hex	filename
  12664	    324	   3196	  16184	   3f38	peri_test_2.elf
'Finished building: peri_test_2.elf.size'
' '
17:42:36 **** Auto Build of configuration Debug for project peri_test_2 ****
make all 
'Building file: ../src/testperiph.c'
'Invoking: MicroBlaze gcc compiler'
mb-gcc -Wall -O0 -g3 -c -fmessage-length=0 -MT"src/testperiph.o" -I../../peri_test_2_bsp/microblaze_0/include -mlittle-endian -mcpu=v9.6 -mxl-soft-mul -Wl,--no-relax -MMD -MP -MF"src/testperiph.d" -MT"src/testperiph.o" -o "src/testperiph.o" "../src/testperiph.c"
../src/testperiph.c: In function 'main':
../src/testperiph.c:69:8: warning: unused variable 'sndNum' [-Wunused-variable]
    int sndNum = 23; // = getnum();
        ^
../src/testperiph.c:68:8: warning: unused variable 'fstNum' [-Wunused-variable]
    int fstNum = 34; // = getnum();
        ^
../src/testperiph.c:86:4: warning: 'g1' may be used uninitialized in this function [-Wmaybe-uninitialized]
    xil_printf("%d %d, Time: %d\n", g1, g2, time_val);
    ^
../src/testperiph.c:86:4: warning: 'g2' may be used uninitialized in this function [-Wmaybe-uninitialized]
'Finished building: ../src/testperiph.c'
' '
'Building target: peri_test_2.elf'
'Invoking: MicroBlaze gcc linker'
mb-gcc -Wl,-T -Wl,../src/lscript.ld -L../../peri_test_2_bsp/microblaze_0/lib -mlittle-endian -mcpu=v9.6 -mxl-soft-mul -Wl,--no-relax -o "peri_test_2.elf"  ./src/testperiph.o ./src/xgpio_tapp_example.o ./src/xtmrctr_selftest_example.o   -Wl,--start-group,-lxil,-lgcc,-lc,--end-group
'Finished building target: peri_test_2.elf'
' '
'Invoking: MicroBlaze Print Size'
mb-size peri_test_2.elf  |tee "peri_test_2.elf.size"
   text	   data	    bss	    dec	    hex	filename
  12708	    324	   3200	  16232	   3f68	peri_test_2.elf
'Finished building: peri_test_2.elf.size'
' '
17:42:46 **** Auto Build of configuration Debug for project peri_test_2 ****
make all 
'Building file: ../src/testperiph.c'
'Invoking: MicroBlaze gcc compiler'
mb-gcc -Wall -O0 -g3 -c -fmessage-length=0 -MT"src/testperiph.o" -I../../peri_test_2_bsp/microblaze_0/include -mlittle-endian -mcpu=v9.6 -mxl-soft-mul -Wl,--no-relax -MMD -MP -MF"src/testperiph.d" -MT"src/testperiph.o" -o "src/testperiph.o" "../src/testperiph.c"
../src/testperiph.c: In function 'main':
../src/testperiph.c:69:8: warning: unused variable 'sndNum' [-Wunused-variable]
    int sndNum = 23; // = getnum();
        ^
../src/testperiph.c:68:8: warning: unused variable 'fstNum' [-Wunused-variable]
    int fstNum = 34; // = getnum();
        ^
../src/testperiph.c:86:4: warning: 'g1' may be used uninitialized in this function [-Wmaybe-uninitialized]
    xil_printf("%d %d, Time: %d\n", g1, g2, time_val);
    ^
../src/testperiph.c:86:4: warning: 'g2' may be used uninitialized in this function [-Wmaybe-uninitialized]
'Finished building: ../src/testperiph.c'
' '
'Building target: peri_test_2.elf'
'Invoking: MicroBlaze gcc linker'
mb-gcc -Wl,-T -Wl,../src/lscript.ld -L../../peri_test_2_bsp/microblaze_0/lib -mlittle-endian -mcpu=v9.6 -mxl-soft-mul -Wl,--no-relax -o "peri_test_2.elf"  ./src/testperiph.o ./src/xgpio_tapp_example.o ./src/xtmrctr_selftest_example.o   -Wl,--start-group,-lxil,-lgcc,-lc,--end-group
'Finished building target: peri_test_2.elf'
' '
'Invoking: MicroBlaze Print Size'
mb-size peri_test_2.elf  |tee "peri_test_2.elf.size"
   text	   data	    bss	    dec	    hex	filename
  12708	    324	   3200	  16232	   3f68	peri_test_2.elf
'Finished building: peri_test_2.elf.size'
' '
17:43:34 **** Auto Build of configuration Debug for project peri_test_2 ****
make all 
'Building file: ../src/testperiph.c'
'Invoking: MicroBlaze gcc compiler'
mb-gcc -Wall -O0 -g3 -c -fmessage-length=0 -MT"src/testperiph.o" -I../../peri_test_2_bsp/microblaze_0/include -mlittle-endian -mcpu=v9.6 -mxl-soft-mul -Wl,--no-relax -MMD -MP -MF"src/testperiph.d" -MT"src/testperiph.o" -o "src/testperiph.o" "../src/testperiph.c"
../src/testperiph.c: In function 'main':
../src/testperiph.c:69:8: warning: unused variable 'sndNum' [-Wunused-variable]
    int sndNum = 23; // = getnum();
        ^
../src/testperiph.c:68:8: warning: unused variable 'fstNum' [-Wunused-variable]
    int fstNum = 34; // = getnum();
        ^
../src/testperiph.c:86:4: warning: 'g1' may be used uninitialized in this function [-Wmaybe-uninitialized]
    xil_printf("%d %d, Time: %d\n", g1, g2, time_val);
    ^
../src/testperiph.c:86:4: warning: 'g2' may be used uninitialized in this function [-Wmaybe-uninitialized]
'Finished building: ../src/testperiph.c'
' '
'Building target: peri_test_2.elf'
'Invoking: MicroBlaze gcc linker'
mb-gcc -Wl,-T -Wl,../src/lscript.ld -L../../peri_test_2_bsp/microblaze_0/lib -mlittle-endian -mcpu=v9.6 -mxl-soft-mul -Wl,--no-relax -o "peri_test_2.elf"  ./src/testperiph.o ./src/xgpio_tapp_example.o ./src/xtmrctr_selftest_example.o   -Wl,--start-group,-lxil,-lgcc,-lc,--end-group
'Finished building target: peri_test_2.elf'
' '
'Invoking: MicroBlaze Print Size'
mb-size peri_test_2.elf  |tee "peri_test_2.elf.size"
   text	   data	    bss	    dec	    hex	filename
  12708	    324	   3200	  16232	   3f68	peri_test_2.elf
'Finished building: peri_test_2.elf.size'
' '
17:43:45 **** Auto Build of configuration Debug for project peri_test_2 ****
make all 
'Building file: ../src/testperiph.c'
'Invoking: MicroBlaze gcc compiler'
mb-gcc -Wall -O0 -g3 -c -fmessage-length=0 -MT"src/testperiph.o" -I../../peri_test_2_bsp/microblaze_0/include -mlittle-endian -mcpu=v9.6 -mxl-soft-mul -Wl,--no-relax -MMD -MP -MF"src/testperiph.d" -MT"src/testperiph.o" -o "src/testperiph.o" "../src/testperiph.c"
../src/testperiph.c: In function 'main':
../src/testperiph.c:69:8: warning: unused variable 'sndNum' [-Wunused-variable]
    int sndNum = 23; // = getnum();
        ^
../src/testperiph.c:68:8: warning: unused variable 'fstNum' [-Wunused-variable]
    int fstNum = 34; // = getnum();
        ^
../src/testperiph.c:86:4: warning: 'g1' may be used uninitialized in this function [-Wmaybe-uninitialized]
    xil_printf("%d %d, Time: %d\n", g1, g2, time_val);
    ^
../src/testperiph.c:86:4: warning: 'g2' may be used uninitialized in this function [-Wmaybe-uninitialized]
'Finished building: ../src/testperiph.c'
' '
'Building target: peri_test_2.elf'
'Invoking: MicroBlaze gcc linker'
mb-gcc -Wl,-T -Wl,../src/lscript.ld -L../../peri_test_2_bsp/microblaze_0/lib -mlittle-endian -mcpu=v9.6 -mxl-soft-mul -Wl,--no-relax -o "peri_test_2.elf"  ./src/testperiph.o ./src/xgpio_tapp_example.o ./src/xtmrctr_selftest_example.o   -Wl,--start-group,-lxil,-lgcc,-lc,--end-group
'Finished building target: peri_test_2.elf'
' '
'Invoking: MicroBlaze Print Size'
mb-size peri_test_2.elf  |tee "peri_test_2.elf.size"
   text	   data	    bss	    dec	    hex	filename
  12740	    324	   3200	  16264	   3f88	peri_test_2.elf
'Finished building: peri_test_2.elf.size'
' '
17:43:58 **** Auto Build of configuration Debug for project peri_test_2 ****
make all 
'Building file: ../src/testperiph.c'
'Invoking: MicroBlaze gcc compiler'
mb-gcc -Wall -O0 -g3 -c -fmessage-length=0 -MT"src/testperiph.o" -I../../peri_test_2_bsp/microblaze_0/include -mlittle-endian -mcpu=v9.6 -mxl-soft-mul -Wl,--no-relax -MMD -MP -MF"src/testperiph.d" -MT"src/testperiph.o" -o "src/testperiph.o" "../src/testperiph.c"
../src/testperiph.c: In function 'main':
../src/testperiph.c:69:8: warning: unused variable 'sndNum' [-Wunused-variable]
    int sndNum = 23; // = getnum();
        ^
../src/testperiph.c:68:8: warning: unused variable 'fstNum' [-Wunused-variable]
    int fstNum = 34; // = getnum();
        ^
../src/testperiph.c:86:4: warning: 'g1' may be used uninitialized in this function [-Wmaybe-uninitialized]
    xil_printf("%d %d, Time: %d\n", g1, g2, time_val);
    ^
../src/testperiph.c:86:4: warning: 'g2' may be used uninitialized in this function [-Wmaybe-uninitialized]
'Finished building: ../src/testperiph.c'
' '
'Building target: peri_test_2.elf'
'Invoking: MicroBlaze gcc linker'
mb-gcc -Wl,-T -Wl,../src/lscript.ld -L../../peri_test_2_bsp/microblaze_0/lib -mlittle-endian -mcpu=v9.6 -mxl-soft-mul -Wl,--no-relax -o "peri_test_2.elf"  ./src/testperiph.o ./src/xgpio_tapp_example.o ./src/xtmrctr_selftest_example.o   -Wl,--start-group,-lxil,-lgcc,-lc,--end-group
'Finished building target: peri_test_2.elf'
' '
'Invoking: MicroBlaze Print Size'
mb-size peri_test_2.elf  |tee "peri_test_2.elf.size"
   text	   data	    bss	    dec	    hex	filename
  12748	    324	   3200	  16272	   3f90	peri_test_2.elf
'Finished building: peri_test_2.elf.size'
' '
17:44:52 **** Auto Build of configuration Debug for project peri_test_2 ****
make all 
'Building file: ../src/testperiph.c'
'Invoking: MicroBlaze gcc compiler'
mb-gcc -Wall -O0 -g3 -c -fmessage-length=0 -MT"src/testperiph.o" -I../../peri_test_2_bsp/microblaze_0/include -mlittle-endian -mcpu=v9.6 -mxl-soft-mul -Wl,--no-relax -MMD -MP -MF"src/testperiph.d" -MT"src/testperiph.o" -o "src/testperiph.o" "../src/testperiph.c"
../src/testperiph.c: In function 'main':
../src/testperiph.c:69:8: warning: unused variable 'sndNum' [-Wunused-variable]
    int sndNum = 23; // = getnum();
        ^
../src/testperiph.c:68:8: warning: unused variable 'fstNum' [-Wunused-variable]
    int fstNum = 34; // = getnum();
        ^
../src/testperiph.c:87:4: warning: 'g1' may be used uninitialized in this function [-Wmaybe-uninitialized]
    xil_printf("%d %d, Time: %d\n", g1, g2, time_val);
    ^
../src/testperiph.c:87:4: warning: 'g2' may be used uninitialized in this function [-Wmaybe-uninitialized]
'Finished building: ../src/testperiph.c'
' '
'Building target: peri_test_2.elf'
'Invoking: MicroBlaze gcc linker'
mb-gcc -Wl,-T -Wl,../src/lscript.ld -L../../peri_test_2_bsp/microblaze_0/lib -mlittle-endian -mcpu=v9.6 -mxl-soft-mul -Wl,--no-relax -o "peri_test_2.elf"  ./src/testperiph.o ./src/xgpio_tapp_example.o ./src/xtmrctr_selftest_example.o   -Wl,--start-group,-lxil,-lgcc,-lc,--end-group
'Finished building target: peri_test_2.elf'
' '
'Invoking: MicroBlaze Print Size'
mb-size peri_test_2.elf  |tee "peri_test_2.elf.size"
   text	   data	    bss	    dec	    hex	filename
  12748	    324	   3200	  16272	   3f90	peri_test_2.elf
'Finished building: peri_test_2.elf.size'
' '
17:45:59 **** Auto Build of configuration Debug for project peri_test_2 ****
make all 
'Building file: ../src/testperiph.c'
'Invoking: MicroBlaze gcc compiler'
mb-gcc -Wall -O0 -g3 -c -fmessage-length=0 -MT"src/testperiph.o" -I../../peri_test_2_bsp/microblaze_0/include -mlittle-endian -mcpu=v9.6 -mxl-soft-mul -Wl,--no-relax -MMD -MP -MF"src/testperiph.d" -MT"src/testperiph.o" -o "src/testperiph.o" "../src/testperiph.c"
../src/testperiph.c: In function 'main':
../src/testperiph.c:69:8: warning: unused variable 'sndNum' [-Wunused-variable]
    int sndNum = 23; // = getnum();
        ^
../src/testperiph.c:68:8: warning: unused variable 'fstNum' [-Wunused-variable]
    int fstNum = 34; // = getnum();
        ^
../src/testperiph.c:87:4: warning: 'g1' may be used uninitialized in this function [-Wmaybe-uninitialized]
    xil_printf("%d %d, Time: %d\n", g1, g2, time_val);
    ^
../src/testperiph.c:87:4: warning: 'g2' may be used uninitialized in this function [-Wmaybe-uninitialized]
'Finished building: ../src/testperiph.c'
' '
'Building target: peri_test_2.elf'
'Invoking: MicroBlaze gcc linker'
mb-gcc -Wl,-T -Wl,../src/lscript.ld -L../../peri_test_2_bsp/microblaze_0/lib -mlittle-endian -mcpu=v9.6 -mxl-soft-mul -Wl,--no-relax -o "peri_test_2.elf"  ./src/testperiph.o ./src/xgpio_tapp_example.o ./src/xtmrctr_selftest_example.o   -Wl,--start-group,-lxil,-lgcc,-lc,--end-group
'Finished building target: peri_test_2.elf'
' '
'Invoking: MicroBlaze Print Size'
mb-size peri_test_2.elf  |tee "peri_test_2.elf.size"
   text	   data	    bss	    dec	    hex	filename
  12912	    324	   3196	  16432	   4030	peri_test_2.elf
'Finished building: peri_test_2.elf.size'
' '
18:00:20 **** Auto Build of configuration Debug for project peri_test_2 ****
make all 
'Building file: ../src/testperiph.c'
'Invoking: MicroBlaze gcc compiler'
mb-gcc -Wall -O0 -g3 -c -fmessage-length=0 -MT"src/testperiph.o" -I../../peri_test_2_bsp/microblaze_0/include -mlittle-endian -mcpu=v9.6 -mxl-soft-mul -Wl,--no-relax -MMD -MP -MF"src/testperiph.d" -MT"src/testperiph.o" -o "src/testperiph.o" "../src/testperiph.c"
../src/testperiph.c: In function 'main':
../src/testperiph.c:69:8: warning: unused variable 'sndNum' [-Wunused-variable]
    int sndNum = 23; // = getnum();
        ^
../src/testperiph.c:68:8: warning: unused variable 'fstNum' [-Wunused-variable]
    int fstNum = 34; // = getnum();
        ^
../src/testperiph.c:87:4: warning: 'g1' may be used uninitialized in this function [-Wmaybe-uninitialized]
    xil_printf("%d %d, Time: %d\n", g1, g2, time_val);
    ^
../src/testperiph.c:87:4: warning: 'g2' may be used uninitialized in this function [-Wmaybe-uninitialized]
'Finished building: ../src/testperiph.c'
' '
'Building target: peri_test_2.elf'
'Invoking: MicroBlaze gcc linker'
mb-gcc -Wl,-T -Wl,../src/lscript.ld -L../../peri_test_2_bsp/microblaze_0/lib -mlittle-endian -mcpu=v9.6 -mxl-soft-mul -Wl,--no-relax -o "peri_test_2.elf"  ./src/testperiph.o ./src/xgpio_tapp_example.o ./src/xtmrctr_selftest_example.o   -Wl,--start-group,-lxil,-lgcc,-lc,--end-group
'Finished building target: peri_test_2.elf'
' '
'Invoking: MicroBlaze Print Size'
mb-size peri_test_2.elf  |tee "peri_test_2.elf.size"
   text	   data	    bss	    dec	    hex	filename
  12912	    324	   3196	  16432	   4030	peri_test_2.elf
'Finished building: peri_test_2.elf.size'
' '
18:08:59 **** Clean-only build of configuration Debug for project peri_test_2 ****
make clean 
rm -rf  ./src/testperiph.o ./src/xgpio_tapp_example.o ./src/xtmrctr_selftest_example.o  ./src/testperiph.d ./src/xgpio_tapp_example.d ./src/xtmrctr_selftest_example.d  peri_test_2.elf.size  peri_test_2.elf
' '
18:09:04 **** Auto Build of configuration Debug for project peri_test_2 ****
make all 
'Building file: ../src/testperiph.c'
'Invoking: MicroBlaze gcc compiler'
mb-gcc -Wall -O3 -g3 -c -fmessage-length=0 -MT"src/testperiph.o" -I../../peri_test_2_bsp/microblaze_0/include -mlittle-endian -mcpu=v9.6 -mxl-soft-mul -Wl,--no-relax -MMD -MP -MF"src/testperiph.d" -MT"src/testperiph.o" -o "src/testperiph.o" "../src/testperiph.c"
../src/testperiph.c: In function 'main':
../src/testperiph.c:69:8: warning: unused variable 'sndNum' [-Wunused-variable]
    int sndNum = 23; // = getnum();
        ^
../src/testperiph.c:68:8: warning: unused variable 'fstNum' [-Wunused-variable]
    int fstNum = 34; // = getnum();
        ^
../src/testperiph.c:87:4: warning: 'g1' may be used uninitialized in this function [-Wmaybe-uninitialized]
    xil_printf("%d %d, Time: %d\n", g1, g2, time_val);
    ^
../src/testperiph.c:87:4: warning: 'g2' may be used uninitialized in this function [-Wmaybe-uninitialized]
'Finished building: ../src/testperiph.c'
' '
'Building file: ../src/xgpio_tapp_example.c'
'Invoking: MicroBlaze gcc compiler'
mb-gcc -Wall -O3 -g3 -c -fmessage-length=0 -MT"src/xgpio_tapp_example.o" -I../../peri_test_2_bsp/microblaze_0/include -mlittle-endian -mcpu=v9.6 -mxl-soft-mul -Wl,--no-relax -MMD -MP -MF"src/xgpio_tapp_example.d" -MT"src/xgpio_tapp_example.o" -o "src/xgpio_tapp_example.o" "../src/xgpio_tapp_example.c"
'Finished building: ../src/xgpio_tapp_example.c'
' '
'Building file: ../src/xtmrctr_selftest_example.c'
'Invoking: MicroBlaze gcc compiler'
mb-gcc -Wall -O3 -g3 -c -fmessage-length=0 -MT"src/xtmrctr_selftest_example.o" -I../../peri_test_2_bsp/microblaze_0/include -mlittle-endian -mcpu=v9.6 -mxl-soft-mul -Wl,--no-relax -MMD -MP -MF"src/xtmrctr_selftest_example.d" -MT"src/xtmrctr_selftest_example.o" -o "src/xtmrctr_selftest_example.o" "../src/xtmrctr_selftest_example.c"
'Finished building: ../src/xtmrctr_selftest_example.c'
' '
'Building target: peri_test_2.elf'
'Invoking: MicroBlaze gcc linker'
mb-gcc -Wl,-T -Wl,../src/lscript.ld -L../../peri_test_2_bsp/microblaze_0/lib -mlittle-endian -mcpu=v9.6 -mxl-soft-mul -Wl,--no-relax -o "peri_test_2.elf"  ./src/testperiph.o ./src/xgpio_tapp_example.o ./src/xtmrctr_selftest_example.o   -Wl,--start-group,-lxil,-lgcc,-lc,--end-group
'Finished building target: peri_test_2.elf'
' '
'Invoking: MicroBlaze Print Size'
mb-size peri_test_2.elf  |tee "peri_test_2.elf.size"
   text	   data	    bss	    dec	    hex	filename
  12492	    324	   3200	  16016	   3e90	peri_test_2.elf
'Finished building: peri_test_2.elf.size'
' '
18:09:16 **** Clean-only build of configuration Debug for project peri_test_2 ****
make clean 
rm -rf  ./src/testperiph.o ./src/xgpio_tapp_example.o ./src/xtmrctr_selftest_example.o  ./src/testperiph.d ./src/xgpio_tapp_example.d ./src/xtmrctr_selftest_example.d  peri_test_2.elf.size  peri_test_2.elf
' '
18:09:20 **** Auto Build of configuration Debug for project peri_test_2 ****
make all 
'Building file: ../src/testperiph.c'
'Invoking: MicroBlaze gcc compiler'
mb-gcc -Wall -O3 -g3 -c -fmessage-length=0 -MT"src/testperiph.o" -I../../peri_test_2_bsp/microblaze_0/include -mlittle-endian -mcpu=v9.6 -mxl-soft-mul -Wl,--no-relax -MMD -MP -MF"src/testperiph.d" -MT"src/testperiph.o" -o "src/testperiph.o" "../src/testperiph.c"
../src/testperiph.c: In function 'main':
../src/testperiph.c:69:8: warning: unused variable 'sndNum' [-Wunused-variable]
    int sndNum = 23; // = getnum();
        ^
../src/testperiph.c:68:8: warning: unused variable 'fstNum' [-Wunused-variable]
    int fstNum = 34; // = getnum();
        ^
../src/testperiph.c:87:4: warning: 'g1' may be used uninitialized in this function [-Wmaybe-uninitialized]
    xil_printf("%d %d, Time: %d\n", g1, g2, time_val);
    ^
../src/testperiph.c:87:4: warning: 'g2' may be used uninitialized in this function [-Wmaybe-uninitialized]
'Finished building: ../src/testperiph.c'
' '
'Building file: ../src/xgpio_tapp_example.c'
'Invoking: MicroBlaze gcc compiler'
mb-gcc -Wall -O3 -g3 -c -fmessage-length=0 -MT"src/xgpio_tapp_example.o" -I../../peri_test_2_bsp/microblaze_0/include -mlittle-endian -mcpu=v9.6 -mxl-soft-mul -Wl,--no-relax -MMD -MP -MF"src/xgpio_tapp_example.d" -MT"src/xgpio_tapp_example.o" -o "src/xgpio_tapp_example.o" "../src/xgpio_tapp_example.c"
'Finished building: ../src/xgpio_tapp_example.c'
' '
'Building file: ../src/xtmrctr_selftest_example.c'
'Invoking: MicroBlaze gcc compiler'
mb-gcc -Wall -O3 -g3 -c -fmessage-length=0 -MT"src/xtmrctr_selftest_example.o" -I../../peri_test_2_bsp/microblaze_0/include -mlittle-endian -mcpu=v9.6 -mxl-soft-mul -Wl,--no-relax -MMD -MP -MF"src/xtmrctr_selftest_example.d" -MT"src/xtmrctr_selftest_example.o" -o "src/xtmrctr_selftest_example.o" "../src/xtmrctr_selftest_example.c"
'Finished building: ../src/xtmrctr_selftest_example.c'
' '
'Building target: peri_test_2.elf'
'Invoking: MicroBlaze gcc linker'
mb-gcc -Wl,-T -Wl,../src/lscript.ld -L../../peri_test_2_bsp/microblaze_0/lib -mlittle-endian -mcpu=v9.6 -mxl-soft-mul -Wl,--no-relax -o "peri_test_2.elf"  ./src/testperiph.o ./src/xgpio_tapp_example.o ./src/xtmrctr_selftest_example.o   -Wl,--start-group,-lxil,-lgcc,-lc,--end-group
'Finished building target: peri_test_2.elf'
' '
'Invoking: MicroBlaze Print Size'
mb-size peri_test_2.elf  |tee "peri_test_2.elf.size"
   text	   data	    bss	    dec	    hex	filename
  12492	    324	   3200	  16016	   3e90	peri_test_2.elf
'Finished building: peri_test_2.elf.size'
' '
18:11:44 **** Clean-only build of configuration Debug for project peri_test_2 ****
make clean 
rm -rf  ./src/testperiph.o ./src/xgpio_tapp_example.o ./src/xtmrctr_selftest_example.o  ./src/testperiph.d ./src/xgpio_tapp_example.d ./src/xtmrctr_selftest_example.d  peri_test_2.elf.size  peri_test_2.elf
' '
18:11:49 **** Auto Build of configuration Debug for project peri_test_2 ****
make all 
'Building file: ../src/testperiph.c'
'Invoking: MicroBlaze gcc compiler'
mb-gcc -Wall -O2 -g3 -c -fmessage-length=0 -MT"src/testperiph.o" -I../../peri_test_2_bsp/microblaze_0/include -mlittle-endian -mcpu=v9.6 -mxl-soft-mul -Wl,--no-relax -MMD -MP -MF"src/testperiph.d" -MT"src/testperiph.o" -o "src/testperiph.o" "../src/testperiph.c"
../src/testperiph.c: In function 'main':
../src/testperiph.c:69:8: warning: unused variable 'sndNum' [-Wunused-variable]
    int sndNum = 23; // = getnum();
        ^
../src/testperiph.c:68:8: warning: unused variable 'fstNum' [-Wunused-variable]
    int fstNum = 34; // = getnum();
        ^
../src/testperiph.c:87:4: warning: 'g1' may be used uninitialized in this function [-Wmaybe-uninitialized]
    xil_printf("%d %d, Time: %d\n", g1, g2, time_val);
    ^
../src/testperiph.c:87:4: warning: 'g2' may be used uninitialized in this function [-Wmaybe-uninitialized]
'Finished building: ../src/testperiph.c'
' '
'Building file: ../src/xgpio_tapp_example.c'
'Invoking: MicroBlaze gcc compiler'
mb-gcc -Wall -O2 -g3 -c -fmessage-length=0 -MT"src/xgpio_tapp_example.o" -I../../peri_test_2_bsp/microblaze_0/include -mlittle-endian -mcpu=v9.6 -mxl-soft-mul -Wl,--no-relax -MMD -MP -MF"src/xgpio_tapp_example.d" -MT"src/xgpio_tapp_example.o" -o "src/xgpio_tapp_example.o" "../src/xgpio_tapp_example.c"
'Finished building: ../src/xgpio_tapp_example.c'
' '
'Building file: ../src/xtmrctr_selftest_example.c'
'Invoking: MicroBlaze gcc compiler'
mb-gcc -Wall -O2 -g3 -c -fmessage-length=0 -MT"src/xtmrctr_selftest_example.o" -I../../peri_test_2_bsp/microblaze_0/include -mlittle-endian -mcpu=v9.6 -mxl-soft-mul -Wl,--no-relax -MMD -MP -MF"src/xtmrctr_selftest_example.d" -MT"src/xtmrctr_selftest_example.o" -o "src/xtmrctr_selftest_example.o" "../src/xtmrctr_selftest_example.c"
'Finished building: ../src/xtmrctr_selftest_example.c'
' '
'Building target: peri_test_2.elf'
'Invoking: MicroBlaze gcc linker'
mb-gcc -Wl,-T -Wl,../src/lscript.ld -L../../peri_test_2_bsp/microblaze_0/lib -mlittle-endian -mcpu=v9.6 -mxl-soft-mul -Wl,--no-relax -o "peri_test_2.elf"  ./src/testperiph.o ./src/xgpio_tapp_example.o ./src/xtmrctr_selftest_example.o   -Wl,--start-group,-lxil,-lgcc,-lc,--end-group
'Finished building target: peri_test_2.elf'
' '
'Invoking: MicroBlaze Print Size'
mb-size peri_test_2.elf  |tee "peri_test_2.elf.size"
   text	   data	    bss	    dec	    hex	filename
  12440	    324	   3196	  15960	   3e58	peri_test_2.elf
'Finished building: peri_test_2.elf.size'
' '
18:12:00 **** Clean-only build of configuration Debug for project peri_test_2 ****
make clean 
rm -rf  ./src/testperiph.o ./src/xgpio_tapp_example.o ./src/xtmrctr_selftest_example.o  ./src/testperiph.d ./src/xgpio_tapp_example.d ./src/xtmrctr_selftest_example.d  peri_test_2.elf.size  peri_test_2.elf
' '
18:12:04 **** Auto Build of configuration Debug for project peri_test_2 ****
make all 
'Building file: ../src/testperiph.c'
'Invoking: MicroBlaze gcc compiler'
mb-gcc -Wall -O2 -g3 -c -fmessage-length=0 -MT"src/testperiph.o" -I../../peri_test_2_bsp/microblaze_0/include -mlittle-endian -mcpu=v9.6 -mxl-soft-mul -Wl,--no-relax -MMD -MP -MF"src/testperiph.d" -MT"src/testperiph.o" -o "src/testperiph.o" "../src/testperiph.c"
../src/testperiph.c: In function 'main':
../src/testperiph.c:69:8: warning: unused variable 'sndNum' [-Wunused-variable]
    int sndNum = 23; // = getnum();
        ^
../src/testperiph.c:68:8: warning: unused variable 'fstNum' [-Wunused-variable]
    int fstNum = 34; // = getnum();
        ^
../src/testperiph.c:87:4: warning: 'g1' may be used uninitialized in this function [-Wmaybe-uninitialized]
    xil_printf("%d %d, Time: %d\n", g1, g2, time_val);
    ^
../src/testperiph.c:87:4: warning: 'g2' may be used uninitialized in this function [-Wmaybe-uninitialized]
'Finished building: ../src/testperiph.c'
' '
'Building file: ../src/xgpio_tapp_example.c'
'Invoking: MicroBlaze gcc compiler'
mb-gcc -Wall -O2 -g3 -c -fmessage-length=0 -MT"src/xgpio_tapp_example.o" -I../../peri_test_2_bsp/microblaze_0/include -mlittle-endian -mcpu=v9.6 -mxl-soft-mul -Wl,--no-relax -MMD -MP -MF"src/xgpio_tapp_example.d" -MT"src/xgpio_tapp_example.o" -o "src/xgpio_tapp_example.o" "../src/xgpio_tapp_example.c"
'Finished building: ../src/xgpio_tapp_example.c'
' '
'Building file: ../src/xtmrctr_selftest_example.c'
'Invoking: MicroBlaze gcc compiler'
mb-gcc -Wall -O2 -g3 -c -fmessage-length=0 -MT"src/xtmrctr_selftest_example.o" -I../../peri_test_2_bsp/microblaze_0/include -mlittle-endian -mcpu=v9.6 -mxl-soft-mul -Wl,--no-relax -MMD -MP -MF"src/xtmrctr_selftest_example.d" -MT"src/xtmrctr_selftest_example.o" -o "src/xtmrctr_selftest_example.o" "../src/xtmrctr_selftest_example.c"
'Finished building: ../src/xtmrctr_selftest_example.c'
' '
'Building target: peri_test_2.elf'
'Invoking: MicroBlaze gcc linker'
mb-gcc -Wl,-T -Wl,../src/lscript.ld -L../../peri_test_2_bsp/microblaze_0/lib -mlittle-endian -mcpu=v9.6 -mxl-soft-mul -Wl,--no-relax -o "peri_test_2.elf"  ./src/testperiph.o ./src/xgpio_tapp_example.o ./src/xtmrctr_selftest_example.o   -Wl,--start-group,-lxil,-lgcc,-lc,--end-group
'Finished building target: peri_test_2.elf'
' '
'Invoking: MicroBlaze Print Size'
mb-size peri_test_2.elf  |tee "peri_test_2.elf.size"
   text	   data	    bss	    dec	    hex	filename
  12440	    324	   3196	  15960	   3e58	peri_test_2.elf
'Finished building: peri_test_2.elf.size'
' '
18:16:12 **** Clean-only build of configuration Debug for project peri_test_2 ****
make clean 
rm -rf  ./src/testperiph.o ./src/xgpio_tapp_example.o ./src/xtmrctr_selftest_example.o  ./src/testperiph.d ./src/xgpio_tapp_example.d ./src/xtmrctr_selftest_example.d  peri_test_2.elf.size  peri_test_2.elf
' '
18:16:16 **** Auto Build of configuration Debug for project peri_test_2 ****
make all 
'Building file: ../src/testperiph.c'
'Invoking: MicroBlaze gcc compiler'
mb-gcc -Wall -O1 -g3 -c -fmessage-length=0 -MT"src/testperiph.o" -I../../peri_test_2_bsp/microblaze_0/include -mlittle-endian -mcpu=v9.6 -mxl-soft-mul -Wl,--no-relax -MMD -MP -MF"src/testperiph.d" -MT"src/testperiph.o" -o "src/testperiph.o" "../src/testperiph.c"
../src/testperiph.c: In function 'main':
../src/testperiph.c:69:8: warning: unused variable 'sndNum' [-Wunused-variable]
    int sndNum = 23; // = getnum();
        ^
../src/testperiph.c:68:8: warning: unused variable 'fstNum' [-Wunused-variable]
    int fstNum = 34; // = getnum();
        ^
../src/testperiph.c:87:4: warning: 'g1' may be used uninitialized in this function [-Wmaybe-uninitialized]
    xil_printf("%d %d, Time: %d\n", g1, g2, time_val);
    ^
../src/testperiph.c:87:4: warning: 'g2' may be used uninitialized in this function [-Wmaybe-uninitialized]
'Finished building: ../src/testperiph.c'
' '
'Building file: ../src/xgpio_tapp_example.c'
'Invoking: MicroBlaze gcc compiler'
mb-gcc -Wall -O1 -g3 -c -fmessage-length=0 -MT"src/xgpio_tapp_example.o" -I../../peri_test_2_bsp/microblaze_0/include -mlittle-endian -mcpu=v9.6 -mxl-soft-mul -Wl,--no-relax -MMD -MP -MF"src/xgpio_tapp_example.d" -MT"src/xgpio_tapp_example.o" -o "src/xgpio_tapp_example.o" "../src/xgpio_tapp_example.c"
'Finished building: ../src/xgpio_tapp_example.c'
' '
'Building file: ../src/xtmrctr_selftest_example.c'
'Invoking: MicroBlaze gcc compiler'
mb-gcc -Wall -O1 -g3 -c -fmessage-length=0 -MT"src/xtmrctr_selftest_example.o" -I../../peri_test_2_bsp/microblaze_0/include -mlittle-endian -mcpu=v9.6 -mxl-soft-mul -Wl,--no-relax -MMD -MP -MF"src/xtmrctr_selftest_example.d" -MT"src/xtmrctr_selftest_example.o" -o "src/xtmrctr_selftest_example.o" "../src/xtmrctr_selftest_example.c"
'Finished building: ../src/xtmrctr_selftest_example.c'
' '
'Building target: peri_test_2.elf'
'Invoking: MicroBlaze gcc linker'
mb-gcc -Wl,-T -Wl,../src/lscript.ld -L../../peri_test_2_bsp/microblaze_0/lib -mlittle-endian -mcpu=v9.6 -mxl-soft-mul -Wl,--no-relax -o "peri_test_2.elf"  ./src/testperiph.o ./src/xgpio_tapp_example.o ./src/xtmrctr_selftest_example.o   -Wl,--start-group,-lxil,-lgcc,-lc,--end-group
'Finished building target: peri_test_2.elf'
' '
'Invoking: MicroBlaze Print Size'
mb-size peri_test_2.elf  |tee "peri_test_2.elf.size"
   text	   data	    bss	    dec	    hex	filename
  12460	    324	   3200	  15984	   3e70	peri_test_2.elf
'Finished building: peri_test_2.elf.size'
' '
18:16:27 **** Clean-only build of configuration Debug for project peri_test_2 ****
make clean 
rm -rf  ./src/testperiph.o ./src/xgpio_tapp_example.o ./src/xtmrctr_selftest_example.o  ./src/testperiph.d ./src/xgpio_tapp_example.d ./src/xtmrctr_selftest_example.d  peri_test_2.elf.size  peri_test_2.elf
' '
18:16:32 **** Auto Build of configuration Debug for project peri_test_2 ****
make all 
'Building file: ../src/testperiph.c'
'Invoking: MicroBlaze gcc compiler'
mb-gcc -Wall -O1 -g3 -c -fmessage-length=0 -MT"src/testperiph.o" -I../../peri_test_2_bsp/microblaze_0/include -mlittle-endian -mcpu=v9.6 -mxl-soft-mul -Wl,--no-relax -MMD -MP -MF"src/testperiph.d" -MT"src/testperiph.o" -o "src/testperiph.o" "../src/testperiph.c"
../src/testperiph.c: In function 'main':
../src/testperiph.c:69:8: warning: unused variable 'sndNum' [-Wunused-variable]
    int sndNum = 23; // = getnum();
        ^
../src/testperiph.c:68:8: warning: unused variable 'fstNum' [-Wunused-variable]
    int fstNum = 34; // = getnum();
        ^
../src/testperiph.c:87:4: warning: 'g1' may be used uninitialized in this function [-Wmaybe-uninitialized]
    xil_printf("%d %d, Time: %d\n", g1, g2, time_val);
    ^
../src/testperiph.c:87:4: warning: 'g2' may be used uninitialized in this function [-Wmaybe-uninitialized]
'Finished building: ../src/testperiph.c'
' '
'Building file: ../src/xgpio_tapp_example.c'
'Invoking: MicroBlaze gcc compiler'
mb-gcc -Wall -O1 -g3 -c -fmessage-length=0 -MT"src/xgpio_tapp_example.o" -I../../peri_test_2_bsp/microblaze_0/include -mlittle-endian -mcpu=v9.6 -mxl-soft-mul -Wl,--no-relax -MMD -MP -MF"src/xgpio_tapp_example.d" -MT"src/xgpio_tapp_example.o" -o "src/xgpio_tapp_example.o" "../src/xgpio_tapp_example.c"
'Finished building: ../src/xgpio_tapp_example.c'
' '
'Building file: ../src/xtmrctr_selftest_example.c'
'Invoking: MicroBlaze gcc compiler'
mb-gcc -Wall -O1 -g3 -c -fmessage-length=0 -MT"src/xtmrctr_selftest_example.o" -I../../peri_test_2_bsp/microblaze_0/include -mlittle-endian -mcpu=v9.6 -mxl-soft-mul -Wl,--no-relax -MMD -MP -MF"src/xtmrctr_selftest_example.d" -MT"src/xtmrctr_selftest_example.o" -o "src/xtmrctr_selftest_example.o" "../src/xtmrctr_selftest_example.c"
'Finished building: ../src/xtmrctr_selftest_example.c'
' '
'Building target: peri_test_2.elf'
'Invoking: MicroBlaze gcc linker'
mb-gcc -Wl,-T -Wl,../src/lscript.ld -L../../peri_test_2_bsp/microblaze_0/lib -mlittle-endian -mcpu=v9.6 -mxl-soft-mul -Wl,--no-relax -o "peri_test_2.elf"  ./src/testperiph.o ./src/xgpio_tapp_example.o ./src/xtmrctr_selftest_example.o   -Wl,--start-group,-lxil,-lgcc,-lc,--end-group
'Finished building target: peri_test_2.elf'
' '
'Invoking: MicroBlaze Print Size'
mb-size peri_test_2.elf  |tee "peri_test_2.elf.size"
   text	   data	    bss	    dec	    hex	filename
  12460	    324	   3200	  15984	   3e70	peri_test_2.elf
'Finished building: peri_test_2.elf.size'
' '
