18:16:32 **** Auto Build of configuration Debug for project peri_test_2 ****
make all 
'Building file: ../src/testperiph.c'
'Invoking: MicroBlaze gcc compiler'
mb-gcc -Wall -O1 -g3 -c -fmessage-length=0 -MT"src/testperiph.o" -I../../peri_test_2_bsp/microblaze_0/include -mlittle-endian -mcpu=v9.6 -mxl-soft-mul -Wl,--no-relax -MMD -MP -MF"src/testperiph.d" -MT"src/testperiph.o" -o "src/testperiph.o" "../src/testperiph.c"
../src/testperiph.c: In function 'main':
../src/testperiph.c:69:8: warning: unused variable 'sndNum' [-Wunused-variable]
    int sndNum = 23; // = getnum();
        ^
../src/testperiph.c:68:8: warning: unused variable 'fstNum' [-Wunused-variable]
    int fstNum = 34; // = getnum();
        ^
../src/testperiph.c:87:4: warning: 'g1' may be used uninitialized in this function [-Wmaybe-uninitialized]
    xil_printf("%d %d, Time: %d\n", g1, g2, time_val);
    ^
../src/testperiph.c:87:4: warning: 'g2' may be used uninitialized in this function [-Wmaybe-uninitialized]
'Finished building: ../src/testperiph.c'
' '
'Building file: ../src/xgpio_tapp_example.c'
'Invoking: MicroBlaze gcc compiler'
mb-gcc -Wall -O1 -g3 -c -fmessage-length=0 -MT"src/xgpio_tapp_example.o" -I../../peri_test_2_bsp/microblaze_0/include -mlittle-endian -mcpu=v9.6 -mxl-soft-mul -Wl,--no-relax -MMD -MP -MF"src/xgpio_tapp_example.d" -MT"src/xgpio_tapp_example.o" -o "src/xgpio_tapp_example.o" "../src/xgpio_tapp_example.c"
'Finished building: ../src/xgpio_tapp_example.c'
' '
'Building file: ../src/xtmrctr_selftest_example.c'
'Invoking: MicroBlaze gcc compiler'
mb-gcc -Wall -O1 -g3 -c -fmessage-length=0 -MT"src/xtmrctr_selftest_example.o" -I../../peri_test_2_bsp/microblaze_0/include -mlittle-endian -mcpu=v9.6 -mxl-soft-mul -Wl,--no-relax -MMD -MP -MF"src/xtmrctr_selftest_example.d" -MT"src/xtmrctr_selftest_example.o" -o "src/xtmrctr_selftest_example.o" "../src/xtmrctr_selftest_example.c"
'Finished building: ../src/xtmrctr_selftest_example.c'
' '
'Building target: peri_test_2.elf'
'Invoking: MicroBlaze gcc linker'
mb-gcc -Wl,-T -Wl,../src/lscript.ld -L../../peri_test_2_bsp/microblaze_0/lib -mlittle-endian -mcpu=v9.6 -mxl-soft-mul -Wl,--no-relax -o "peri_test_2.elf"  ./src/testperiph.o ./src/xgpio_tapp_example.o ./src/xtmrctr_selftest_example.o   -Wl,--start-group,-lxil,-lgcc,-lc,--end-group
'Finished building target: peri_test_2.elf'
' '
'Invoking: MicroBlaze Print Size'
mb-size peri_test_2.elf  |tee "peri_test_2.elf.size"
   text	   data	    bss	    dec	    hex	filename
  12460	    324	   3200	  15984	   3e70	peri_test_2.elf
'Finished building: peri_test_2.elf.size'
' '

18:16:41 Build Finished (took 9s.266ms)

