13:57:53 **** Build of project peri_test_3_bsp ****
make -k all 
"Running Make include in microblaze_0/libsrc/bram_v4_1/src"
make -C microblaze_0/libsrc/bram_v4_1/src -s include  "SHELL=CMD" "COMPILER=mb-gcc" "ARCHIVER=mb-ar" "COMPILER_FLAGS= -O2 -c -mcpu=v9.6 -mlittle-endian -mxl-soft-mul" "EXTRA_COMPILER_FLAGS=-g"
"Running Make include in microblaze_0/libsrc/cpu_v2_4/src"
make -C microblaze_0/libsrc/cpu_v2_4/src -s include  "SHELL=CMD" "COMPILER=mb-gcc" "ARCHIVER=mb-ar" "COMPILER_FLAGS= -O2 -c -mcpu=v9.6 -mlittle-endian -mxl-soft-mul" "EXTRA_COMPILER_FLAGS=-g"
"Running Make include in microblaze_0/libsrc/gpio_v4_1/src"
make -C microblaze_0/libsrc/gpio_v4_1/src -s include  "SHELL=CMD" "COMPILER=mb-gcc" "ARCHIVER=mb-ar" "COMPILER_FLAGS= -O2 -c -mcpu=v9.6 -mlittle-endian -mxl-soft-mul" "EXTRA_COMPILER_FLAGS=-g"
"Running Make include in microblaze_0/libsrc/standalone_v5_4/src"
make -C microblaze_0/libsrc/standalone_v5_4/src -s include  "SHELL=CMD" "COMPILER=mb-gcc" "ARCHIVER=mb-ar" "COMPILER_FLAGS= -O2 -c -mcpu=v9.6 -mlittle-endian -mxl-soft-mul" "EXTRA_COMPILER_FLAGS=-g"
"Running Make include in microblaze_0/libsrc/tmrctr_v4_1/src"
make -C microblaze_0/libsrc/tmrctr_v4_1/src -s include  "SHELL=CMD" "COMPILER=mb-gcc" "ARCHIVER=mb-ar" "COMPILER_FLAGS= -O2 -c -mcpu=v9.6 -mlittle-endian -mxl-soft-mul" "EXTRA_COMPILER_FLAGS=-g"
"Running Make include in microblaze_0/libsrc/uartlite_v3_2/src"
make -C microblaze_0/libsrc/uartlite_v3_2/src -s include  "SHELL=CMD" "COMPILER=mb-gcc" "ARCHIVER=mb-ar" "COMPILER_FLAGS= -O2 -c -mcpu=v9.6 -mlittle-endian -mxl-soft-mul" "EXTRA_COMPILER_FLAGS=-g"
"Running Make libs in microblaze_0/libsrc/bram_v4_1/src"
make -C microblaze_0/libsrc/bram_v4_1/src -s libs  "SHELL=CMD" "COMPILER=mb-gcc" "ARCHIVER=mb-ar" "COMPILER_FLAGS= -O2 -c -mcpu=v9.6 -mlittle-endian -mxl-soft-mul" "EXTRA_COMPILER_FLAGS=-g"
"Compiling bram"
mb-ar: creating ../../../lib/libxil.a
"Running Make libs in microblaze_0/libsrc/cpu_v2_4/src"
make -C microblaze_0/libsrc/cpu_v2_4/src -s libs  "SHELL=CMD" "COMPILER=mb-gcc" "ARCHIVER=mb-ar" "COMPILER_FLAGS= -O2 -c -mcpu=v9.6 -mlittle-endian -mxl-soft-mul" "EXTRA_COMPILER_FLAGS=-g"
"Compiling cpu"
"Running Make libs in microblaze_0/libsrc/gpio_v4_1/src"
make -C microblaze_0/libsrc/gpio_v4_1/src -s libs  "SHELL=CMD" "COMPILER=mb-gcc" "ARCHIVER=mb-ar" "COMPILER_FLAGS= -O2 -c -mcpu=v9.6 -mlittle-endian -mxl-soft-mul" "EXTRA_COMPILER_FLAGS=-g"
"Compiling gpio"
"Running Make libs in microblaze_0/libsrc/standalone_v5_4/src"
make -C microblaze_0/libsrc/standalone_v5_4/src -s libs  "SHELL=CMD" "COMPILER=mb-gcc" "ARCHIVER=mb-ar" "COMPILER_FLAGS= -O2 -c -mcpu=v9.6 -mlittle-endian -mxl-soft-mul" "EXTRA_COMPILER_FLAGS=-g"
"Compiling standalone";
"Running Make libs in microblaze_0/libsrc/tmrctr_v4_1/src"
make -C microblaze_0/libsrc/tmrctr_v4_1/src -s libs  "SHELL=CMD" "COMPILER=mb-gcc" "ARCHIVER=mb-ar" "COMPILER_FLAGS= -O2 -c -mcpu=v9.6 -mlittle-endian -mxl-soft-mul" "EXTRA_COMPILER_FLAGS=-g"
"Compiling tmrctr"
"Running Make libs in microblaze_0/libsrc/uartlite_v3_2/src"
make -C microblaze_0/libsrc/uartlite_v3_2/src -s libs  "SHELL=CMD" "COMPILER=mb-gcc" "ARCHIVER=mb-ar" "COMPILER_FLAGS= -O2 -c -mcpu=v9.6 -mlittle-endian -mxl-soft-mul" "EXTRA_COMPILER_FLAGS=-g"
"Compiling uartlite"
'Finished building libraries'
13:58:12 **** Build of configuration Debug for project peri_test_3 ****
make all 
'Building file: ../src/testperiph.c'
'Invoking: MicroBlaze gcc compiler'
mb-gcc -Wall -O0 -g3 -c -fmessage-length=0 -MT"src/testperiph.o" -I../../peri_test_3_bsp/microblaze_0/include -mlittle-endian -mcpu=v9.6 -mxl-soft-mul -Wl,--no-relax -MMD -MP -MF"src/testperiph.d" -MT"src/testperiph.o" -o "src/testperiph.o" "../src/testperiph.c"
'Finished building: ../src/testperiph.c'
' '
'Building file: ../src/xgpio_tapp_example.c'
'Invoking: MicroBlaze gcc compiler'
mb-gcc -Wall -O0 -g3 -c -fmessage-length=0 -MT"src/xgpio_tapp_example.o" -I../../peri_test_3_bsp/microblaze_0/include -mlittle-endian -mcpu=v9.6 -mxl-soft-mul -Wl,--no-relax -MMD -MP -MF"src/xgpio_tapp_example.d" -MT"src/xgpio_tapp_example.o" -o "src/xgpio_tapp_example.o" "../src/xgpio_tapp_example.c"
'Finished building: ../src/xgpio_tapp_example.c'
' '
'Building file: ../src/xtmrctr_selftest_example.c'
'Invoking: MicroBlaze gcc compiler'
mb-gcc -Wall -O0 -g3 -c -fmessage-length=0 -MT"src/xtmrctr_selftest_example.o" -I../../peri_test_3_bsp/microblaze_0/include -mlittle-endian -mcpu=v9.6 -mxl-soft-mul -Wl,--no-relax -MMD -MP -MF"src/xtmrctr_selftest_example.d" -MT"src/xtmrctr_selftest_example.o" -o "src/xtmrctr_selftest_example.o" "../src/xtmrctr_selftest_example.c"
'Finished building: ../src/xtmrctr_selftest_example.c'
' '
'Building target: peri_test_3.elf'
'Invoking: MicroBlaze gcc linker'
mb-gcc -Wl,-T -Wl,../src/lscript.ld -L../../peri_test_3_bsp/microblaze_0/lib -mlittle-endian -mcpu=v9.6 -mxl-soft-mul -Wl,--no-relax -o "peri_test_3.elf"  ./src/testperiph.o ./src/xgpio_tapp_example.o ./src/xtmrctr_selftest_example.o   -Wl,--start-group,-lxil,-lgcc,-lc,--end-group
'Finished building target: peri_test_3.elf'
' '
'Invoking: MicroBlaze Print Size'
mb-size peri_test_3.elf  |tee "peri_test_3.elf.size"
   text	   data	    bss	    dec	    hex	filename
   8828	    320	   3196	  12344	   3038	peri_test_3.elf
'Finished building: peri_test_3.elf.size'
' '
14:11:11 **** Auto Build of configuration Debug for project peri_test_3 ****
make all 
'Building file: ../src/testperiph.c'
'Invoking: MicroBlaze gcc compiler'
mb-gcc -Wall -O0 -g3 -c -fmessage-length=0 -MT"src/testperiph.o" -I../../peri_test_3_bsp/microblaze_0/include -mlittle-endian -mcpu=v9.6 -mxl-soft-mul -Wl,--no-relax -MMD -MP -MF"src/testperiph.d" -MT"src/testperiph.o" -o "src/testperiph.o" "../src/testperiph.c"
../src/testperiph.c: In function 'main':
../src/testperiph.c:62:8: warning: unused variable 'sndNum' [-Wunused-variable]
    int sndNum = 23; // = getnum();
        ^
../src/testperiph.c:61:8: warning: unused variable 'fstNum' [-Wunused-variable]
    int fstNum = 34; // = getnum();
        ^
'Finished building: ../src/testperiph.c'
' '
'Building target: peri_test_3.elf'
'Invoking: MicroBlaze gcc linker'
mb-gcc -Wl,-T -Wl,../src/lscript.ld -L../../peri_test_3_bsp/microblaze_0/lib -mlittle-endian -mcpu=v9.6 -mxl-soft-mul -Wl,--no-relax -o "peri_test_3.elf"  ./src/testperiph.o ./src/xgpio_tapp_example.o ./src/xtmrctr_selftest_example.o   -Wl,--start-group,-lxil,-lgcc,-lc,--end-group
'Finished building target: peri_test_3.elf'
' '
'Invoking: MicroBlaze Print Size'
mb-size peri_test_3.elf  |tee "peri_test_3.elf.size"
   text	   data	    bss	    dec	    hex	filename
  12316	    324	   3200	  15840	   3de0	peri_test_3.elf
'Finished building: peri_test_3.elf.size'
' '
14:24:58 **** Auto Build of configuration Debug for project peri_test_3 ****
make all 
'Building file: ../src/testperiph.c'
'Invoking: MicroBlaze gcc compiler'
mb-gcc -Wall -O0 -g3 -c -fmessage-length=0 -MT"src/testperiph.o" -I../../peri_test_3_bsp/microblaze_0/include -mlittle-endian -mcpu=v9.6 -mxl-soft-mul -Wl,--no-relax -MMD -MP -MF"src/testperiph.d" -MT"src/testperiph.o" -o "src/testperiph.o" "../src/testperiph.c"
../src/testperiph.c: In function 'main':
../src/testperiph.c:71:8: warning: unused variable 'sndNum' [-Wunused-variable]
    int sndNum = 23; // = getnum();
        ^
../src/testperiph.c:70:8: warning: unused variable 'fstNum' [-Wunused-variable]
    int fstNum = 34; // = getnum();
        ^
../src/testperiph.c:62:7: warning: 'timer' is used uninitialized in this function [-Wuninitialized]
    if(XTmrCtr_Initialize(timer, XPAR_TMRCTR_0_DEVICE_ID) != XST_SUCCESS){
       ^
'Finished building: ../src/testperiph.c'
' '
'Building target: peri_test_3.elf'
'Invoking: MicroBlaze gcc linker'
mb-gcc -Wl,-T -Wl,../src/lscript.ld -L../../peri_test_3_bsp/microblaze_0/lib -mlittle-endian -mcpu=v9.6 -mxl-soft-mul -Wl,--no-relax -o "peri_test_3.elf"  ./src/testperiph.o ./src/xgpio_tapp_example.o ./src/xtmrctr_selftest_example.o   -Wl,--start-group,-lxil,-lgcc,-lc,--end-group
'Finished building target: peri_test_3.elf'
' '
'Invoking: MicroBlaze Print Size'
mb-size peri_test_3.elf  |tee "peri_test_3.elf.size"
   text	   data	    bss	    dec	    hex	filename
  12372	    324	   3200	  15896	   3e18	peri_test_3.elf
'Finished building: peri_test_3.elf.size'
' '
14:25:06 **** Auto Build of configuration Debug for project peri_test_3 ****
make all 
'Building file: ../src/testperiph.c'
'Invoking: MicroBlaze gcc compiler'
mb-gcc -Wall -O0 -g3 -c -fmessage-length=0 -MT"src/testperiph.o" -I../../peri_test_3_bsp/microblaze_0/include -mlittle-endian -mcpu=v9.6 -mxl-soft-mul -Wl,--no-relax -MMD -MP -MF"src/testperiph.d" -MT"src/testperiph.o" -o "src/testperiph.o" "../src/testperiph.c"
../src/testperiph.c: In function 'main':
../src/testperiph.c:72:8: warning: unused variable 'sndNum' [-Wunused-variable]
    int sndNum = 23; // = getnum();
        ^
../src/testperiph.c:71:8: warning: unused variable 'fstNum' [-Wunused-variable]
    int fstNum = 34; // = getnum();
        ^
../src/testperiph.c:62:7: warning: 'timer' is used uninitialized in this function [-Wuninitialized]
    if(XTmrCtr_Initialize(timer, XPAR_TMRCTR_0_DEVICE_ID) != XST_SUCCESS){
       ^
'Finished building: ../src/testperiph.c'
' '
'Building target: peri_test_3.elf'
'Invoking: MicroBlaze gcc linker'
mb-gcc -Wl,-T -Wl,../src/lscript.ld -L../../peri_test_3_bsp/microblaze_0/lib -mlittle-endian -mcpu=v9.6 -mxl-soft-mul -Wl,--no-relax -o "peri_test_3.elf"  ./src/testperiph.o ./src/xgpio_tapp_example.o ./src/xtmrctr_selftest_example.o   -Wl,--start-group,-lxil,-lgcc,-lc,--end-group
'Finished building target: peri_test_3.elf'
' '
'Invoking: MicroBlaze Print Size'
mb-size peri_test_3.elf  |tee "peri_test_3.elf.size"
   text	   data	    bss	    dec	    hex	filename
  12376	    324	   3196	  15896	   3e18	peri_test_3.elf
'Finished building: peri_test_3.elf.size'
' '
14:27:48 **** Auto Build of configuration Debug for project peri_test_3 ****
make all 
'Building file: ../src/testperiph.c'
'Invoking: MicroBlaze gcc compiler'
mb-gcc -Wall -O0 -g3 -c -fmessage-length=0 -MT"src/testperiph.o" -I../../peri_test_3_bsp/microblaze_0/include -mlittle-endian -mcpu=v9.6 -mxl-soft-mul -Wl,--no-relax -MMD -MP -MF"src/testperiph.d" -MT"src/testperiph.o" -o "src/testperiph.o" "../src/testperiph.c"
../src/testperiph.c: In function 'main':
../src/testperiph.c:72:8: warning: unused variable 'sndNum' [-Wunused-variable]
    int sndNum = 23; // = getnum();
        ^
../src/testperiph.c:71:8: warning: unused variable 'fstNum' [-Wunused-variable]
    int fstNum = 34; // = getnum();
        ^
'Finished building: ../src/testperiph.c'
' '
'Building target: peri_test_3.elf'
'Invoking: MicroBlaze gcc linker'
mb-gcc -Wl,-T -Wl,../src/lscript.ld -L../../peri_test_3_bsp/microblaze_0/lib -mlittle-endian -mcpu=v9.6 -mxl-soft-mul -Wl,--no-relax -o "peri_test_3.elf"  ./src/testperiph.o ./src/xgpio_tapp_example.o ./src/xtmrctr_selftest_example.o   -Wl,--start-group,-lxil,-lgcc,-lc,--end-group
'Finished building target: peri_test_3.elf'
' '
'Invoking: MicroBlaze Print Size'
mb-size peri_test_3.elf  |tee "peri_test_3.elf.size"
   text	   data	    bss	    dec	    hex	filename
  12380	    324	   3200	  15904	   3e20	peri_test_3.elf
'Finished building: peri_test_3.elf.size'
' '
14:33:05 **** Auto Build of configuration Debug for project peri_test_3 ****
make all 
'Building file: ../src/testperiph.c'
'Invoking: MicroBlaze gcc compiler'
mb-gcc -Wall -O0 -g3 -c -fmessage-length=0 -MT"src/testperiph.o" -I../../peri_test_3_bsp/microblaze_0/include -mlittle-endian -mcpu=v9.6 -mxl-soft-mul -Wl,--no-relax -MMD -MP -MF"src/testperiph.d" -MT"src/testperiph.o" -o "src/testperiph.o" "../src/testperiph.c"
../src/testperiph.c: In function 'main':
../src/testperiph.c:72:8: warning: unused variable 'sndNum' [-Wunused-variable]
    int sndNum = 23; // = getnum();
        ^
../src/testperiph.c:71:8: warning: unused variable 'fstNum' [-Wunused-variable]
    int fstNum = 34; // = getnum();
        ^
'Finished building: ../src/testperiph.c'
' '
'Building target: peri_test_3.elf'
'Invoking: MicroBlaze gcc linker'
mb-gcc -Wl,-T -Wl,../src/lscript.ld -L../../peri_test_3_bsp/microblaze_0/lib -mlittle-endian -mcpu=v9.6 -mxl-soft-mul -Wl,--no-relax -o "peri_test_3.elf"  ./src/testperiph.o ./src/xgpio_tapp_example.o ./src/xtmrctr_selftest_example.o   -Wl,--start-group,-lxil,-lgcc,-lc,--end-group
'Finished building target: peri_test_3.elf'
' '
'Invoking: MicroBlaze Print Size'
mb-size peri_test_3.elf  |tee "peri_test_3.elf.size"
   text	   data	    bss	    dec	    hex	filename
  12472	    324	   3196	  15992	   3e78	peri_test_3.elf
'Finished building: peri_test_3.elf.size'
' '
14:43:49 **** Auto Build of configuration Debug for project peri_test_3 ****
make all 
'Building file: ../src/testperiph.c'
'Invoking: MicroBlaze gcc compiler'
mb-gcc -Wall -O0 -g3 -c -fmessage-length=0 -MT"src/testperiph.o" -I../../peri_test_3_bsp/microblaze_0/include -mlittle-endian -mcpu=v9.6 -mxl-soft-mul -Wl,--no-relax -MMD -MP -MF"src/testperiph.d" -MT"src/testperiph.o" -o "src/testperiph.o" "../src/testperiph.c"
../src/testperiph.c: In function 'main':
../src/testperiph.c:72:8: warning: unused variable 'sndNum' [-Wunused-variable]
    int sndNum = 23; // = getnum();
        ^
../src/testperiph.c:71:8: warning: unused variable 'fstNum' [-Wunused-variable]
    int fstNum = 34; // = getnum();
        ^
'Finished building: ../src/testperiph.c'
' '
'Building target: peri_test_3.elf'
'Invoking: MicroBlaze gcc linker'
mb-gcc -Wl,-T -Wl,../src/lscript.ld -L../../peri_test_3_bsp/microblaze_0/lib -mlittle-endian -mcpu=v9.6 -mxl-soft-mul -Wl,--no-relax -o "peri_test_3.elf"  ./src/testperiph.o ./src/xgpio_tapp_example.o ./src/xtmrctr_selftest_example.o   -Wl,--start-group,-lxil,-lgcc,-lc,--end-group
'Finished building target: peri_test_3.elf'
' '
'Invoking: MicroBlaze Print Size'
mb-size peri_test_3.elf  |tee "peri_test_3.elf.size"
   text	   data	    bss	    dec	    hex	filename
  12500	    324	   3200	  16024	   3e98	peri_test_3.elf
'Finished building: peri_test_3.elf.size'
' '
14:46:16 **** Auto Build of configuration Debug for project peri_test_3 ****
make all 
'Building file: ../src/testperiph.c'
'Invoking: MicroBlaze gcc compiler'
mb-gcc -Wall -O0 -g3 -c -fmessage-length=0 -MT"src/testperiph.o" -I../../peri_test_3_bsp/microblaze_0/include -mlittle-endian -mcpu=v9.6 -mxl-soft-mul -Wl,--no-relax -MMD -MP -MF"src/testperiph.d" -MT"src/testperiph.o" -o "src/testperiph.o" "../src/testperiph.c"
../src/testperiph.c: In function 'main':
../src/testperiph.c:72:8: warning: unused variable 'sndNum' [-Wunused-variable]
    int sndNum = 23; // = getnum();
        ^
../src/testperiph.c:71:8: warning: unused variable 'fstNum' [-Wunused-variable]
    int fstNum = 34; // = getnum();
        ^
'Finished building: ../src/testperiph.c'
' '
'Building target: peri_test_3.elf'
'Invoking: MicroBlaze gcc linker'
mb-gcc -Wl,-T -Wl,../src/lscript.ld -L../../peri_test_3_bsp/microblaze_0/lib -mlittle-endian -mcpu=v9.6 -mxl-soft-mul -Wl,--no-relax -o "peri_test_3.elf"  ./src/testperiph.o ./src/xgpio_tapp_example.o ./src/xtmrctr_selftest_example.o   -Wl,--start-group,-lxil,-lgcc,-lc,--end-group
'Finished building target: peri_test_3.elf'
' '
'Invoking: MicroBlaze Print Size'
mb-size peri_test_3.elf  |tee "peri_test_3.elf.size"
   text	   data	    bss	    dec	    hex	filename
  12500	    324	   3200	  16024	   3e98	peri_test_3.elf
'Finished building: peri_test_3.elf.size'
' '
