14:46:16 **** Auto Build of configuration Debug for project peri_test_3 ****
make all 
'Building file: ../src/testperiph.c'
'Invoking: MicroBlaze gcc compiler'
mb-gcc -Wall -O0 -g3 -c -fmessage-length=0 -MT"src/testperiph.o" -I../../peri_test_3_bsp/microblaze_0/include -mlittle-endian -mcpu=v9.6 -mxl-soft-mul -Wl,--no-relax -MMD -MP -MF"src/testperiph.d" -MT"src/testperiph.o" -o "src/testperiph.o" "../src/testperiph.c"
../src/testperiph.c: In function 'main':
../src/testperiph.c:72:8: warning: unused variable 'sndNum' [-Wunused-variable]
    int sndNum = 23; // = getnum();
        ^
../src/testperiph.c:71:8: warning: unused variable 'fstNum' [-Wunused-variable]
    int fstNum = 34; // = getnum();
        ^
'Finished building: ../src/testperiph.c'
' '
'Building target: peri_test_3.elf'
'Invoking: MicroBlaze gcc linker'
mb-gcc -Wl,-T -Wl,../src/lscript.ld -L../../peri_test_3_bsp/microblaze_0/lib -mlittle-endian -mcpu=v9.6 -mxl-soft-mul -Wl,--no-relax -o "peri_test_3.elf"  ./src/testperiph.o ./src/xgpio_tapp_example.o ./src/xtmrctr_selftest_example.o   -Wl,--start-group,-lxil,-lgcc,-lc,--end-group
'Finished building target: peri_test_3.elf'
' '
'Invoking: MicroBlaze Print Size'
mb-size peri_test_3.elf  |tee "peri_test_3.elf.size"
   text	   data	    bss	    dec	    hex	filename
  12500	    324	   3200	  16024	   3e98	peri_test_3.elf
'Finished building: peri_test_3.elf.size'
' '

14:46:18 Build Finished (took 2s.172ms)

